<html>
<body>
<pre>
<h1>µVision Build Log</h1>
<h2>Tool Versions:</h2>
IDE-Version: ¦ÌVision V5.18.0.0
Copyright (C) 2016 ARM Ltd and ARM Germany GmbH. All rights reserved.
License Information: tuto li, li, LIC=MPPLD-8YIFS-8TY3P-MSVYV-EUBX7-Q74RL
 
Tool Versions:
Toolchain:       MDK-ARM Standard  Version: 5.18
Toolchain Path:  G:\design_tool\KEIL_MDK\Keil5\ARM\ARMCC\Bin
C Compiler:      Armcc.exe V5.06 update 1 (build 61)
Assembler:       Armasm.exe V5.06 update 1 (build 61)
Linker/Locator:  ArmLink.exe V5.06 update 1 (build 61)
Library Manager: ArmAr.exe V5.06 update 1 (build 61)
Hex Converter:   FromElf.exe V5.06 update 1 (build 61)
CPU DLL:         SARMCM3.DLL V5.18
Dialog DLL:      DCM.DLL V1.13.6.0
Target DLL:      STLink\ST-LINKIII-KEIL_SWO.dll V2.0.18.0
Dialog DLL:      TCM.DLL V1.14.8.0
 
<h2>Project:</h2>
F:\College\Graduate\LoRa_projects\LoRa_Slave2\MDK-ARM\LoRa_Slave.uvprojx
Project File Date:  05/03/2021

<h2>Output:</h2>
*** Using Compiler 'V5.06 update 1 (build 61)', folder: 'G:\design_tool\KEIL_MDK\Keil5\ARM\ARMCC\Bin'
Build target 'LoRa_Slave'
compiling sx1276_user.c...
..\App\radio\src\sx1276_user.c(90): warning:  #167-D: argument of type "uint8_t *" is incompatible with parameter of type "const char *"
  			json_ret = cJSON_Parse(mybuffer); //parse cJSOn
..\App\radio\src\sx1276_user.c(134): warning:  #223-D: function "USER_Clear_Usart_Receive_Flag" declared implicitly
  			USER_Clear_Usart_Receive_Flag();
..\App\radio\src\sx1276_user.c(37): warning:  #177-D: variable "buffer" was declared but never referenced
  static uint8_t buffer[BUFFER_SIZE] = {1,2,3,4,5,6,7,8};// RF buffer
..\App\radio\src\sx1276_user.c: 3 warnings, 0 errors
linking...
Program Size: Code=16796 RO-data=540 RW-data=364 ZI-data=2452  
FromELF: creating hex file...
"LoRa_Slave\LoRa_Slave.axf" - 0 Error(s), 3 Warning(s).

<h2>Software Packages used:</h2>

Package Vendor: ARM
                http://www.keil.com/pack/ARM.CMSIS.4.5.0.pack
                ARM::CMSIS:CORE:4.3.0
                CMSIS (Cortex Microcontroller Software Interface Standard)
   * Component: CORE Version: 4.3.0

<h2>Collection of Component include folders:</h2>
  F:\College\Graduate\LoRa_projects\LoRa_Slave2\MDK-ARM\RTE
  G:\design_tool\KEIL_MDK\Keil5\ARM\PACK\ARM\CMSIS\4.5.0\CMSIS\Include
  G:\design_tool\KEIL_MDK\Keil5\ARM\PACK\Keil\STM32F1xx_DFP\1.1.0\Device\Include

<h2>Collection of Component Files used:</h2>

   * Component: ARM::CMSIS:CORE:4.3.0
Build Time Elapsed:  00:00:03
</pre>
</body>
</html>
