Component: ARM Compiler 5.06 update 1 (build 61) Tool: armlink [4d35a8]

==============================================================================

Section Cross References

    startup_stm32f103xb.o(RESET) refers to startup_stm32f103xb.o(STACK) for __initial_sp
    startup_stm32f103xb.o(RESET) refers to startup_stm32f103xb.o(.text) for Reset_Handler
    startup_stm32f103xb.o(RESET) refers to stm32f1xx_it.o(i.NMI_Handler) for NMI_Handler
    startup_stm32f103xb.o(RESET) refers to stm32f1xx_it.o(i.HardFault_Handler) for HardFault_Handler
    startup_stm32f103xb.o(RESET) refers to stm32f1xx_it.o(i.MemManage_Handler) for MemManage_Handler
    startup_stm32f103xb.o(RESET) refers to stm32f1xx_it.o(i.BusFault_Handler) for BusFault_Handler
    startup_stm32f103xb.o(RESET) refers to stm32f1xx_it.o(i.UsageFault_Handler) for UsageFault_Handler
    startup_stm32f103xb.o(RESET) refers to stm32f1xx_it.o(i.SVC_Handler) for SVC_Handler
    startup_stm32f103xb.o(RESET) refers to stm32f1xx_it.o(i.DebugMon_Handler) for DebugMon_Handler
    startup_stm32f103xb.o(RESET) refers to stm32f1xx_it.o(i.PendSV_Handler) for PendSV_Handler
    startup_stm32f103xb.o(RESET) refers to stm32f1xx_it.o(i.SysTick_Handler) for SysTick_Handler
    startup_stm32f103xb.o(RESET) refers to stm32f1xx_it.o(i.EXTI1_IRQHandler) for EXTI1_IRQHandler
    startup_stm32f103xb.o(RESET) refers to stm32f1xx_it.o(i.USART1_IRQHandler) for USART1_IRQHandler
    startup_stm32f103xb.o(.text) refers to system_stm32f1xx.o(i.SystemInit) for SystemInit
    startup_stm32f103xb.o(.text) refers to entry.o(.ARM.Collect$$$$00000000) for __main
    stask.o(i._getTaskNum) refers to stask.o(.data) for .data
    stask.o(i._task_scan_radio_cb) refers to sx1276.o(i.SX1276Task) for SX1276Task
    stask.o(i._task_scan_usart_cb) refers to base_usart.o(i.USER_Get_Usart_Receive_Flag) for USER_Get_Usart_Receive_Flag
    stask.o(i._task_scan_value_cb) refers to getdata.o(i.GenerateTask) for GenerateTask
    stask.o(i._task_soft_timer_cb) refers to stimer.o(i.spTimerTaskScheduler) for spTimerTaskScheduler
    stask.o(i.spTaskScheduler) refers to stask.o(.data) for .data
    stask.o(i.spTaskStart) refers to stask.o(i._getTaskNum) for _getTaskNum
    stask.o(i.spTaskStart) refers to stask.o(.data) for .data
    stask.o(i.spTaskStop) refers to stask.o(i._getTaskNum) for _getTaskNum
    stask.o(i.spTaskStop) refers to stask.o(.data) for .data
    stask.o(.data) refers to stask.o(i._task_soft_timer_cb) for _task_soft_timer_cb
    stask.o(.data) refers to stask.o(i._task_scan_key_cb) for _task_scan_key_cb
    stask.o(.data) refers to stask.o(i._task_scan_usart_cb) for _task_scan_usart_cb
    stask.o(.data) refers to stask.o(i._task_scan_radio_cb) for _task_scan_radio_cb
    stask.o(.data) refers to stask.o(i._task_scan_value_cb) for _task_scan_value_cb
    stick.o(i.spGetTickCount) refers to stick.o(.data) for .data
    stick.o(i.spTickCount) refers to stimer.o(i.spTimerTickerHandle) for spTimerTickerHandle
    stick.o(i.spTickCount) refers to stick.o(.data) for .data
    stimer.o(i._getTimerTaskNum) refers to stimer.o(.data) for .data
    stimer.o(i._timer_led_green_cb) refers to stm32f1xx_hal_gpio.o(i.HAL_GPIO_TogglePin) for HAL_GPIO_TogglePin
    stimer.o(i._timer_usart_cb) refers to base_usart.o(i.USER_UART_Receive_Timeout) for USER_UART_Receive_Timeout
    stimer.o(i.spTimerStart) refers to stimer.o(i._getTimerTaskNum) for _getTimerTaskNum
    stimer.o(i.spTimerStart) refers to dfltui.o(.text) for __aeabi_ui2d
    stimer.o(i.spTimerStart) refers to ddiv.o(.text) for __aeabi_ddiv
    stimer.o(i.spTimerStart) refers to dfixui.o(.text) for __aeabi_d2uiz
    stimer.o(i.spTimerStart) refers to stimer.o(.data) for .data
    stimer.o(i.spTimerStop) refers to stimer.o(i._getTimerTaskNum) for _getTimerTaskNum
    stimer.o(i.spTimerStop) refers to stimer.o(.data) for .data
    stimer.o(i.spTimerTaskScheduler) refers to stimer.o(.data) for .data
    stimer.o(i.spTimerTickerHandle) refers to stick.o(i.spGetTickCount) for spGetTickCount
    stimer.o(i.spTimerTickerHandle) refers to stimer.o(.data) for .data
    stimer.o(.data) refers to stimer.o(i._timer_led_red_cb) for _timer_led_red_cb
    stimer.o(.data) refers to stimer.o(i._timer_led_blue_cb) for _timer_led_blue_cb
    stimer.o(.data) refers to stimer.o(i._timer_led_green_cb) for _timer_led_green_cb
    stimer.o(.data) refers to stimer.o(i._timer_beep_cb) for _timer_beep_cb
    stimer.o(.data) refers to stimer.o(i._timer_light_cb) for _timer_light_cb
    stimer.o(.data) refers to stimer.o(i._timer_offlight_cb) for _timer_offlight_cb
    stimer.o(.data) refers to stimer.o(i._timer_key_cb) for _timer_key_cb
    stimer.o(.data) refers to stimer.o(i._timer_usart_cb) for _timer_usart_cb
    sx1276.o(i.GetFskBandwidthRegValue) refers to sx1276.o(.constdata) for .constdata
    sx1276.o(i.RxChainCalibration) refers to sx1276.o(i.SX1276Read) for SX1276Read
    sx1276.o(i.RxChainCalibration) refers to dfltui.o(.text) for __aeabi_ui2d
[...]
    ..\App\radio\src\sx1276_user.c           0x00000000   Number         0  sx1276_user.o ABSOLUTE
    ..\Core\Src\adc.c                        0x00000000   Number         0  adc.o ABSOLUTE
    ..\Core\Src\gpio.c                       0x00000000   Number         0  gpio.o ABSOLUTE
    ..\Core\Src\main.c                       0x00000000   Number         0  main.o ABSOLUTE
    ..\Core\Src\spi.c                        0x00000000   Number         0  spi.o ABSOLUTE
    ..\Core\Src\stm32f1xx_hal_msp.c          0x00000000   Number         0  stm32f1xx_hal_msp.o ABSOLUTE
    ..\Core\Src\stm32f1xx_it.c               0x00000000   Number         0  stm32f1xx_it.o ABSOLUTE
    ..\Core\Src\system_stm32f1xx.c           0x00000000   Number         0  system_stm32f1xx.o ABSOLUTE
    ..\Core\Src\tim.c                        0x00000000   Number         0  tim.o ABSOLUTE
    ..\Core\Src\usart.c                      0x00000000   Number         0  usart.o ABSOLUTE
    ..\Drivers\STM32F1xx_HAL_Driver\Src\stm32f1xx_hal.c 0x00000000   Number         0  stm32f1xx_hal.o ABSOLUTE
    ..\Drivers\STM32F1xx_HAL_Driver\Src\stm32f1xx_hal_adc.c 0x00000000   Number         0  stm32f1xx_hal_adc.o ABSOLUTE
    ..\Drivers\STM32F1xx_HAL_Driver\Src\stm32f1xx_hal_adc_ex.c 0x00000000   Number         0  stm32f1xx_hal_adc_ex.o ABSOLUTE
    ..\Drivers\STM32F1xx_HAL_Driver\Src\stm32f1xx_hal_cortex.c 0x00000000   Number         0  stm32f1xx_hal_cortex.o ABSOLUTE
    ..\Drivers\STM32F1xx_HAL_Driver\Src\stm32f1xx_hal_dma.c 0x00000000   Number         0  stm32f1xx_hal_dma.o ABSOLUTE
    ..\Drivers\STM32F1xx_HAL_Driver\Src\stm32f1xx_hal_exti.c 0x00000000   Number         0  stm32f1xx_hal_exti.o ABSOLUTE
    ..\Drivers\STM32F1xx_HAL_Driver\Src\stm32f1xx_hal_flash.c 0x00000000   Number         0  stm32f1xx_hal_flash.o ABSOLUTE
    ..\Drivers\STM32F1xx_HAL_Driver\Src\stm32f1xx_hal_flash_ex.c 0x00000000   Number         0  stm32f1xx_hal_flash_ex.o ABSOLUTE
    ..\Drivers\STM32F1xx_HAL_Driver\Src\stm32f1xx_hal_gpio.c 0x00000000   Number         0  stm32f1xx_hal_gpio.o ABSOLUTE
    ..\Drivers\STM32F1xx_HAL_Driver\Src\stm32f1xx_hal_gpio_ex.c 0x00000000   Number         0  stm32f1xx_hal_gpio_ex.o ABSOLUTE
    ..\Drivers\STM32F1xx_HAL_Driver\Src\stm32f1xx_hal_pwr.c 0x00000000   Number         0  stm32f1xx_hal_pwr.o ABSOLUTE
    ..\Drivers\STM32F1xx_HAL_Driver\Src\stm32f1xx_hal_rcc.c 0x00000000   Number         0  stm32f1xx_hal_rcc.o ABSOLUTE
    ..\Drivers\STM32F1xx_HAL_Driver\Src\stm32f1xx_hal_rcc_ex.c 0x00000000   Number         0  stm32f1xx_hal_rcc_ex.o ABSOLUTE
    ..\Drivers\STM32F1xx_HAL_Driver\Src\stm32f1xx_hal_spi.c 0x00000000   Number         0  stm32f1xx_hal_spi.o ABSOLUTE
    ..\Drivers\STM32F1xx_HAL_Driver\Src\stm32f1xx_hal_tim.c 0x00000000   Number         0  stm32f1xx_hal_tim.o ABSOLUTE
    ..\Drivers\STM32F1xx_HAL_Driver\Src\stm32f1xx_hal_tim_ex.c 0x00000000   Number         0  stm32f1xx_hal_tim_ex.o ABSOLUTE
    ..\Drivers\STM32F1xx_HAL_Driver\Src\stm32f1xx_hal_uart.c 0x00000000   Number         0  stm32f1xx_hal_uart.o ABSOLUTE
    ..\\App\\AIR\\air.c                      0x00000000   Number         0  air.o ABSOLUTE
    ..\\App\\Base\\base_key.c                0x00000000   Number         0  base_key.o ABSOLUTE
    ..\\App\\Base\\base_usart.c              0x00000000   Number         0  base_usart.o ABSOLUTE
    ..\\App\\Body\\body.c                    0x00000000   Number         0  body.o ABSOLUTE
    ..\\App\\FAN\\fan.c                      0x00000000   Number         0  fan.o ABSOLUTE
    ..\\App\\Light\\light.c                  0x00000000   Number         0  light.o ABSOLUTE
    ..\\App\\ParseData\\getData.c            0x00000000   Number         0  getdata.o ABSOLUTE
    ..\\App\\SoilHumi\\soilHumi.c            0x00000000   Number         0  soilhumi.o ABSOLUTE
    ..\\App\\Task\\stask.c                   0x00000000   Number         0  stask.o ABSOLUTE
    ..\\App\\Task\\stimer.c                  0x00000000   Number         0  stimer.o ABSOLUTE
    ..\\App\\Temperature\\Temperature.c      0x00000000   Number         0  temperature.o ABSOLUTE
    ..\\App\\radio\\src\\sx1276-board.c      0x00000000   Number         0  sx1276-board.o ABSOLUTE
    ..\\App\\radio\\src\\sx1276.c            0x00000000   Number         0  sx1276.o ABSOLUTE
    ..\\App\\radio\\src\\sx1276_hal.c        0x00000000   Number         0  sx1276_hal.o ABSOLUTE
    ..\\App\\radio\\src\\sx1276_user.c       0x00000000   Number         0  sx1276_user.o ABSOLUTE
    cdcmple.s                                0x00000000   Number         0  cdcmple.o ABSOLUTE
    cdrcmple.s                               0x00000000   Number         0  cdrcmple.o ABSOLUTE
    dc.s                                     0x00000000   Number         0  dc.o ABSOLUTE
    handlers.s                               0x00000000   Number         0  handlers.o ABSOLUTE
    init.s                                   0x00000000   Number         0  init.o ABSOLUTE
    startup_stm32f103xb.s                    0x00000000   Number         0  startup_stm32f103xb.o ABSOLUTE
    RESET                                    0x08000000   Section      236  startup_stm32f103xb.o(RESET)
    .ARM.Collect$$$$00000000                 0x080000ec   Section        0  entry.o(.ARM.Collect$$$$00000000)
    .ARM.Collect$$$$00000001                 0x080000ec   Section        4  entry2.o(.ARM.Collect$$$$00000001)
    .ARM.Collect$$$$00000004                 0x080000f0   Section        4  entry5.o(.ARM.Collect$$$$00000004)
    .ARM.Collect$$$$00000008                 0x080000f4   Section        0  entry7b.o(.ARM.Collect$$$$00000008)
    .ARM.Collect$$$$0000000A                 0x080000f4   Section        0  entry8b.o(.ARM.Collect$$$$0000000A)
    .ARM.Collect$$$$0000000B                 0x080000f4   Section        8  entry9a.o(.ARM.Collect$$$$0000000B)
    .ARM.Collect$$$$0000000D                 0x080000fc   Section        0  entry10a.o(.ARM.Collect$$$$0000000D)
    .ARM.Collect$$$$0000000F                 0x080000fc   Section        0  entry11a.o(.ARM.Collect$$$$0000000F)
    .ARM.Collect$$$$00002712                 0x080000fc   Section        4  entry2.o(.ARM.Collect$$$$00002712)
    __lit__00000000                          0x080000fc   Data           4  entry2.o(.ARM.Collect$$$$00002712)
    .text                                    0x08000100   Section       36  startup_stm32f103xb.o(.text)
    .text                                    0x08000124   Section        0  llushr.o(.text)
    .text                                    0x08000144   Section        0  memcpya.o(.text)
    .text                                    0x08000168   Section        0  memseta.o(.text)
    .text                                    0x0800018c   Section        0  strcat.o(.text)
    .text                                    0x080001a4   Section        0  strlen.o(.text)
    .text                                    0x080001b2   Section        0  dadd.o(.text)
    .text                                    0x08000300   Section        0  dmul.o(.text)
    .text                                    0x080003e4   Section        0  ddiv.o(.text)
    .text                                    0x080004c2   Section        0  dfltui.o(.text)
    .text                                    0x080004dc   Section        0  dfixi.o(.text)
    .text                                    0x0800051a   Section        0  dfixui.o(.text)
    .text                                    0x0800054c   Section       48  cdrcmple.o(.text)
    .text                                    0x0800057c   Section        0  uidiv.o(.text)
    .text                                    0x080005a8   Section        0  uldiv.o(.text)
    .text                                    0x0800060a   Section        0  llshl.o(.text)
    .text                                    0x08000628   Section        0  llsshr.o(.text)
    .text                                    0x0800064c   Section        0  depilogue.o(.text)
    .text                                    0x0800064c   Section        0  iusefp.o(.text)
    .text                                    0x08000706   Section        0  dfixul.o(.text)
    .text                                    0x08000738   Section       36  init.o(.text)
    .text                                    0x0800075c   Section        0  __dczerorl2.o(.text)
    i.ADC_ConversionStop_Disable             0x080007b4   Section        0  stm32f1xx_hal_adc.o(i.ADC_ConversionStop_Disable)
    i.ADC_Enable                             0x08000800   Section        0  stm32f1xx_hal_adc.o(i.ADC_Enable)
    i.Base_Usart1_Init                       0x08000870   Section        0  base_usart.o(i.Base_Usart1_Init)
    i.BusFault_Handler                       0x08000894   Section        0  stm32f1xx_it.o(i.BusFault_Handler)
    i.DebugMon_Handler                       0x08000896   Section        0  stm32f1xx_it.o(i.DebugMon_Handler)
    i.EXTI1_IRQHandler                       0x08000898   Section        0  stm32f1xx_it.o(i.EXTI1_IRQHandler)
    i.Error_Handler                          0x0800089e   Section        0  main.o(i.Error_Handler)
    i.FAN_Set_Speed                          0x080008a0   Section        0  fan.o(i.FAN_Set_Speed)
    i.GenerateData                           0x080008b0   Section        0  getdata.o(i.GenerateData)
    GenerateData                             0x080008b1   Thumb Code   328  getdata.o(i.GenerateData)
    i.GenerateTask                           0x08000a10   Section        0  getdata.o(i.GenerateTask)
    i.HAL_ADCEx_Calibration_Start            0x08000a40   Section        0  stm32f1xx_hal_adc_ex.o(i.HAL_ADCEx_Calibration_Start)
    i.HAL_ADC_ConfigChannel                  0x08000b08   Section        0  stm32f1xx_hal_adc.o(i.HAL_ADC_ConfigChannel)
    i.HAL_ADC_GetState                       0x08000c04   Section        0  stm32f1xx_hal_adc.o(i.HAL_ADC_GetState)
    i.HAL_ADC_GetValue                       0x08000c08   Section        0  stm32f1xx_hal_adc.o(i.HAL_ADC_GetValue)
    i.HAL_ADC_Init                           0x08000c10   Section        0  stm32f1xx_hal_adc.o(i.HAL_ADC_Init)
    i.HAL_ADC_MspInit                        0x08000d2c   Section        0  adc.o(i.HAL_ADC_MspInit)
    i.HAL_ADC_PollForConversion              0x08000d84   Section        0  stm32f1xx_hal_adc.o(i.HAL_ADC_PollForConversion)
    i.HAL_ADC_Start                          0x08000eb4   Section        0  stm32f1xx_hal_adc.o(i.HAL_ADC_Start)
    i.HAL_ADC_Stop                           0x08000f74   Section        0  stm32f1xx_hal_adc.o(i.HAL_ADC_Stop)
    i.HAL_DMA_Abort_IT                       0x08000fa8   Section        0  stm32f1xx_hal_dma.o(i.HAL_DMA_Abort_IT)
    i.HAL_Delay                              0x08001040   Section        0  stm32f1xx_hal.o(i.HAL_Delay)
    i.HAL_GPIO_EXTI_Callback                 0x08001064   Section        0  sx1276-board.o(i.HAL_GPIO_EXTI_Callback)
    i.HAL_GPIO_EXTI_IRQHandler               0x08001078   Section        0  stm32f1xx_hal_gpio.o(i.HAL_GPIO_EXTI_IRQHandler)
    i.HAL_GPIO_Init                          0x08001090   Section        0  stm32f1xx_hal_gpio.o(i.HAL_GPIO_Init)
    i.HAL_GPIO_ReadPin                       0x08001270   Section        0  stm32f1xx_hal_gpio.o(i.HAL_GPIO_ReadPin)
    i.HAL_GPIO_TogglePin                     0x0800127a   Section        0  stm32f1xx_hal_gpio.o(i.HAL_GPIO_TogglePin)
    i.HAL_GPIO_WritePin                      0x0800128a   Section        0  stm32f1xx_hal_gpio.o(i.HAL_GPIO_WritePin)
    i.HAL_GetTick                            0x08001294   Section        0  stm32f1xx_hal.o(i.HAL_GetTick)
    i.HAL_IncTick                            0x080012a0   Section        0  stm32f1xx_hal.o(i.HAL_IncTick)
    i.HAL_Init                               0x080012b0   Section        0  stm32f1xx_hal.o(i.HAL_Init)
    i.HAL_InitTick                           0x080012d4   Section        0  stm32f1xx_hal.o(i.HAL_InitTick)
    i.HAL_MspInit                            0x08001314   Section        0  stm32f1xx_hal_msp.o(i.HAL_MspInit)
    i.HAL_NVIC_EnableIRQ                     0x08001350   Section        0  stm32f1xx_hal_cortex.o(i.HAL_NVIC_EnableIRQ)
    i.HAL_NVIC_SetPriority                   0x0800136c   Section        0  stm32f1xx_hal_cortex.o(i.HAL_NVIC_SetPriority)
    i.HAL_NVIC_SetPriorityGrouping           0x080013ac   Section        0  stm32f1xx_hal_cortex.o(i.HAL_NVIC_SetPriorityGrouping)
    i.HAL_RCCEx_GetPeriphCLKFreq             0x080013d0   Section        0  stm32f1xx_hal_rcc_ex.o(i.HAL_RCCEx_GetPeriphCLKFreq)
    i.HAL_RCCEx_PeriphCLKConfig              0x08001498   Section        0  stm32f1xx_hal_rcc_ex.o(i.HAL_RCCEx_PeriphCLKConfig)
    i.HAL_RCC_ClockConfig                    0x08001584   Section        0  stm32f1xx_hal_rcc.o(i.HAL_RCC_ClockConfig)
    i.HAL_RCC_GetPCLK1Freq                   0x080016b0   Section        0  stm32f1xx_hal_rcc.o(i.HAL_RCC_GetPCLK1Freq)
    i.HAL_RCC_GetPCLK2Freq                   0x080016d0   Section        0  stm32f1xx_hal_rcc.o(i.HAL_RCC_GetPCLK2Freq)
    i.HAL_RCC_GetSysClockFreq                0x080016f0   Section        0  stm32f1xx_hal_rcc.o(i.HAL_RCC_GetSysClockFreq)
    i.HAL_RCC_OscConfig                      0x0800175c   Section        0  stm32f1xx_hal_rcc.o(i.HAL_RCC_OscConfig)
    i.HAL_SPI_Init                           0x08001a7c   Section        0  stm32f1xx_hal_spi.o(i.HAL_SPI_Init)
    i.HAL_SPI_MspInit                        0x08001b30   Section        0  spi.o(i.HAL_SPI_MspInit)
    i.HAL_SPI_TransmitReceive                0x08001ba0   Section        0  stm32f1xx_hal_spi.o(i.HAL_SPI_TransmitReceive)
    i.HAL_SYSTICK_Config                     0x08001d82   Section        0  stm32f1xx_hal_cortex.o(i.HAL_SYSTICK_Config)
    i.HAL_TIMEx_ConfigBreakDeadTime          0x08001daa   Section        0  stm32f1xx_hal_tim_ex.o(i.HAL_TIMEx_ConfigBreakDeadTime)
    i.HAL_TIMEx_MasterConfigSynchronization  0x08001e00   Section        0  stm32f1xx_hal_tim_ex.o(i.HAL_TIMEx_MasterConfigSynchronization)
    i.HAL_TIM_Base_Init                      0x08001e68   Section        0  stm32f1xx_hal_tim.o(i.HAL_TIM_Base_Init)
    i.HAL_TIM_Base_MspInit                   0x08001ec4   Section        0  tim.o(i.HAL_TIM_Base_MspInit)
    i.HAL_TIM_ConfigClockSource              0x08001eec   Section        0  stm32f1xx_hal_tim.o(i.HAL_TIM_ConfigClockSource)
    i.HAL_TIM_MspPostInit                    0x08001fc4   Section        0  tim.o(i.HAL_TIM_MspPostInit)
    i.HAL_TIM_PWM_ConfigChannel              0x08002010   Section        0  stm32f1xx_hal_tim.o(i.HAL_TIM_PWM_ConfigChannel)
    i.HAL_TIM_PWM_Init                       0x080020d6   Section        0  stm32f1xx_hal_tim.o(i.HAL_TIM_PWM_Init)
    i.HAL_TIM_PWM_MspInit                    0x08002130   Section        0  stm32f1xx_hal_tim.o(i.HAL_TIM_PWM_MspInit)
    i.HAL_TIM_PWM_Start                      0x08002134   Section        0  stm32f1xx_hal_tim.o(i.HAL_TIM_PWM_Start)
    i.HAL_UART_ErrorCallback                 0x080021d0   Section        0  stm32f1xx_hal_uart.o(i.HAL_UART_ErrorCallback)
    i.HAL_UART_IRQHandler                    0x080021d4   Section        0  stm32f1xx_hal_uart.o(i.HAL_UART_IRQHandler)
    i.HAL_UART_Init                          0x08002330   Section        0  stm32f1xx_hal_uart.o(i.HAL_UART_Init)
    i.HAL_UART_MspInit                       0x08002394   Section        0  usart.o(i.HAL_UART_MspInit)
    i.HAL_UART_Receive_IT                    0x08002414   Section        0  stm32f1xx_hal_uart.o(i.HAL_UART_Receive_IT)
    i.HAL_UART_RxCpltCallback                0x08002468   Section        0  base_usart.o(i.HAL_UART_RxCpltCallback)
    i.HAL_UART_Transmit                      0x080024b0   Section        0  stm32f1xx_hal_uart.o(i.HAL_UART_Transmit)
    i.HAL_UART_TxCpltCallback                0x08002562   Section        0  stm32f1xx_hal_uart.o(i.HAL_UART_TxCpltCallback)
    i.HalSpiTransmit                         0x08002564   Section        0  sx1276_hal.o(i.HalSpiTransmit)
    i.HalSpiWriteNss                         0x0800258c   Section        0  sx1276_hal.o(i.HalSpiWriteNss)
    i.HalWriteReset                          0x080025a4   Section        0  sx1276_hal.o(i.HalWriteReset)
    i.HalWriteRxTx                           0x080025bc   Section        0  sx1276_hal.o(i.HalWriteRxTx)
    i.HardFault_Handler                      0x080025d4   Section        0  stm32f1xx_it.o(i.HardFault_Handler)
    i.MX_ADC1_Init                           0x080025d8   Section        0  adc.o(i.MX_ADC1_Init)
    i.MX_GPIO_Init                           0x0800263c   Section        0  gpio.o(i.MX_GPIO_Init)
    i.MX_SPI1_Init                           0x0800273c   Section        0  spi.o(i.MX_SPI1_Init)
    i.MX_TIM1_Init                           0x08002780   Section        0  tim.o(i.MX_TIM1_Init)
    i.MX_USART1_UART_Init                    0x0800284c   Section        0  usart.o(i.MX_USART1_UART_Init)
    i.MemManage_Handler                      0x08002884   Section        0  stm32f1xx_it.o(i.MemManage_Handler)
    i.NMI_Handler                            0x08002886   Section        0  stm32f1xx_it.o(i.NMI_Handler)
    i.PendSV_Handler                         0x08002888   Section        0  stm32f1xx_it.o(i.PendSV_Handler)
    i.RxChainCalibration                     0x0800288c   Section        0  sx1276.o(i.RxChainCalibration)
    RxChainCalibration                       0x0800288d   Thumb Code   138  sx1276.o(i.RxChainCalibration)
    i.SPI_EndRxTxTransaction                 0x08002920   Section        0  stm32f1xx_hal_spi.o(i.SPI_EndRxTxTransaction)
    SPI_EndRxTxTransaction                   0x08002921   Thumb Code    32  stm32f1xx_hal_spi.o(i.SPI_EndRxTxTransaction)
    i.SPI_WaitFlagStateUntilTimeout          0x08002940   Section        0  stm32f1xx_hal_spi.o(i.SPI_WaitFlagStateUntilTimeout)
    SPI_WaitFlagStateUntilTimeout            0x08002941   Thumb Code   180  stm32f1xx_hal_spi.o(i.SPI_WaitFlagStateUntilTimeout)
    i.SVC_Handler                            0x080029f8   Section        0  stm32f1xx_it.o(i.SVC_Handler)
    i.SX1276OnDio0Event                      0x080029fc   Section        0  sx1276.o(i.SX1276OnDio0Event)
    i.SX1276OnDio0Irq                        0x08002c90   Section        0  sx1276.o(i.SX1276OnDio0Irq)
    i.SX1276OnDio1Event                      0x08002c9c   Section        0  sx1276.o(i.SX1276OnDio1Event)
    i.SX1276OnDio1Irq                        0x08002d74   Section        0  sx1276.o(i.SX1276OnDio1Irq)
    i.SX1276OnDio2Event                      0x08002d80   Section        0  sx1276.o(i.SX1276OnDio2Event)
    i.SX1276OnDio2Irq                        0x08002e44   Section        0  sx1276.o(i.SX1276OnDio2Irq)
    i.SX1276OnDio3Irq                        0x08002e50   Section        0  sx1276.o(i.SX1276OnDio3Irq)
    i.SX1276OnDio4Irq                        0x08002e5c   Section        0  sx1276.o(i.SX1276OnDio4Irq)
    i.SX1276OnTimeoutEvent                   0x08002e78   Section        0  sx1276.o(i.SX1276OnTimeoutEvent)
    i.SX1276Read                             0x08002f54   Section        0  sx1276.o(i.SX1276Read)
    i.SX1276ReadBuffer                       0x08002f64   Section        0  sx1276.o(i.SX1276ReadBuffer)
    i.SX1276ReadFifo                         0x08002f98   Section        0  sx1276.o(i.SX1276ReadFifo)
    i.SX1276SetAntSw                         0x08002fa4   Section        0  sx1276-board.o(i.SX1276SetAntSw)
    i.SX1276SetAntSwLowPower                 0x08002fb4   Section        0  sx1276-board.o(i.SX1276SetAntSwLowPower)
    i.SX1276SetChannel                       0x08002fd4   Section        0  sx1276.o(i.SX1276SetChannel)
    i.SX1276SetModem                         0x08003014   Section        0  sx1276.o(i.SX1276SetModem)
    i.SX1276SetOpMode                        0x08003088   Section        0  sx1276.o(i.SX1276SetOpMode)
    i.SX1276SetPublicNetwork                 0x080030b8   Section        0  sx1276.o(i.SX1276SetPublicNetwork)
    i.SX1276SetReset                         0x080030e0   Section        0  sx1276-board.o(i.SX1276SetReset)
    i.SX1276SetSleep                         0x08003100   Section        0  sx1276.o(i.SX1276SetSleep)
    i.SX1276Task                             0x08003128   Section        0  sx1276.o(i.SX1276Task)
    i.SX1276Write                            0x08003168   Section        0  sx1276.o(i.SX1276Write)
    i.SX1276WriteBuffer                      0x08003174   Section        0  sx1276.o(i.SX1276WriteBuffer)
    i.SX1276WriteFifo                        0x080031a6   Section        0  sx1276.o(i.SX1276WriteFifo)
    i.SpiSetNss                              0x080031b0   Section        0  sx1276-board.o(i.SpiSetNss)
    i.SpiTransfer                            0x080031b4   Section        0  sx1276-board.o(i.SpiTransfer)
    i.SysTick_Handler                        0x080031b8   Section        0  stm32f1xx_it.o(i.SysTick_Handler)
    i.SystemClock_Config                     0x080031bc   Section        0  main.o(i.SystemClock_Config)
    i.SystemInit                             0x0800321e   Section        0  system_stm32f1xx.o(i.SystemInit)
    i.TIM_Base_SetConfig                     0x08003220   Section        0  stm32f1xx_hal_tim.o(i.TIM_Base_SetConfig)
    i.TIM_CCxChannelCmd                      0x0800328c   Section        0  stm32f1xx_hal_tim.o(i.TIM_CCxChannelCmd)
    i.TIM_ETR_SetConfig                      0x080032a6   Section        0  stm32f1xx_hal_tim.o(i.TIM_ETR_SetConfig)
    i.TIM_ITRx_SetConfig                     0x080032ba   Section        0  stm32f1xx_hal_tim.o(i.TIM_ITRx_SetConfig)
    TIM_ITRx_SetConfig                       0x080032bb   Thumb Code    16  stm32f1xx_hal_tim.o(i.TIM_ITRx_SetConfig)
    i.TIM_OC1_SetConfig                      0x080032cc   Section        0  stm32f1xx_hal_tim.o(i.TIM_OC1_SetConfig)
    TIM_OC1_SetConfig                        0x080032cd   Thumb Code    74  stm32f1xx_hal_tim.o(i.TIM_OC1_SetConfig)
    i.TIM_OC2_SetConfig                      0x0800331c   Section        0  stm32f1xx_hal_tim.o(i.TIM_OC2_SetConfig)
    i.TIM_OC3_SetConfig                      0x08003374   Section        0  stm32f1xx_hal_tim.o(i.TIM_OC3_SetConfig)
    TIM_OC3_SetConfig                        0x08003375   Thumb Code    82  stm32f1xx_hal_tim.o(i.TIM_OC3_SetConfig)
    i.TIM_OC4_SetConfig                      0x080033cc   Section        0  stm32f1xx_hal_tim.o(i.TIM_OC4_SetConfig)
    TIM_OC4_SetConfig                        0x080033cd   Thumb Code    64  stm32f1xx_hal_tim.o(i.TIM_OC4_SetConfig)
    i.TIM_TI1_ConfigInputStage               0x08003410   Section        0  stm32f1xx_hal_tim.o(i.TIM_TI1_ConfigInputStage)
    TIM_TI1_ConfigInputStage                 0x08003411   Thumb Code    34  stm32f1xx_hal_tim.o(i.TIM_TI1_ConfigInputStage)
    i.TIM_TI2_ConfigInputStage               0x08003432   Section        0  stm32f1xx_hal_tim.o(i.TIM_TI2_ConfigInputStage)
    TIM_TI2_ConfigInputStage                 0x08003433   Thumb Code    36  stm32f1xx_hal_tim.o(i.TIM_TI2_ConfigInputStage)
    i.TimerChangePeriod                      0x08003458   Section        0  sx1276_timer.o(i.TimerChangePeriod)
    i.TimerListTimerReset                    0x08003474   Section        0  sx1276_timer.o(i.TimerListTimerReset)
    TimerListTimerReset                      0x08003475   Thumb Code    26  sx1276_timer.o(i.TimerListTimerReset)
    i.TimerLoop                              0x08003494   Section        0  sx1276_timer.o(i.TimerLoop)
    i.TimerRegister                          0x080034d0   Section        0  sx1276_timer.o(i.TimerRegister)
    i.TimerReset                             0x08003540   Section        0  sx1276_timer.o(i.TimerReset)
    i.TimerStart                             0x08003544   Section        0  sx1276_timer.o(i.TimerStart)
    i.TimerStop                              0x0800356c   Section        0  sx1276_timer.o(i.TimerStop)
    i.UART_DMAAbortOnError                   0x0800358c   Section        0  stm32f1xx_hal_uart.o(i.UART_DMAAbortOnError)
    UART_DMAAbortOnError                     0x0800358d   Thumb Code    16  stm32f1xx_hal_uart.o(i.UART_DMAAbortOnError)
    i.UART_EndRxTransfer                     0x0800359c   Section        0  stm32f1xx_hal_uart.o(i.UART_EndRxTransfer)
    UART_EndRxTransfer                       0x0800359d   Thumb Code    28  stm32f1xx_hal_uart.o(i.UART_EndRxTransfer)
    i.UART_Receive_IT                        0x080035b8   Section        0  stm32f1xx_hal_uart.o(i.UART_Receive_IT)
    UART_Receive_IT                          0x080035b9   Thumb Code   140  stm32f1xx_hal_uart.o(i.UART_Receive_IT)
    i.UART_SetConfig                         0x08003644   Section        0  stm32f1xx_hal_uart.o(i.UART_SetConfig)
    UART_SetConfig                           0x08003645   Thumb Code   178  stm32f1xx_hal_uart.o(i.UART_SetConfig)
    i.UART_WaitOnFlagUntilTimeout            0x080036fc   Section        0  stm32f1xx_hal_uart.o(i.UART_WaitOnFlagUntilTimeout)
    UART_WaitOnFlagUntilTimeout              0x080036fd   Thumb Code   100  stm32f1xx_hal_uart.o(i.UART_WaitOnFlagUntilTimeout)
    i.USART1_IRQHandler                      0x08003760   Section        0  stm32f1xx_it.o(i.USART1_IRQHandler)
    i.USER_Get_Usart_Receive_Flag            0x0800376c   Section        0  base_usart.o(i.USER_Get_Usart_Receive_Flag)
    i.USER_UART_Receive_Timeout              0x08003778   Section        0  base_usart.o(i.USER_UART_Receive_Timeout)
    i.UsageFault_Handler                     0x0800378c   Section        0  stm32f1xx_it.o(i.UsageFault_Handler)
    i.__0sprintf                             0x08003790   Section        0  printfa.o(i.__0sprintf)
    i.__NVIC_SetPriority                     0x080037b8   Section        0  stm32f1xx_hal_cortex.o(i.__NVIC_SetPriority)
    __NVIC_SetPriority                       0x080037b9   Thumb Code    32  stm32f1xx_hal_cortex.o(i.__NVIC_SetPriority)
    i.__free$realloc                         0x080037d8   Section        0  mallocr.o(i.__free$realloc)
    i.__malloc$realloc                       0x08003834   Section        0  mallocr.o(i.__malloc$realloc)
    i.__scatterload_copy                     0x08003884   Section       14  handlers.o(i.__scatterload_copy)
    i.__scatterload_null                     0x08003892   Section        2  handlers.o(i.__scatterload_null)
    i.__scatterload_zeroinit                 0x08003894   Section       14  handlers.o(i.__scatterload_zeroinit)
    i._fp_digits                             0x080038a4   Section        0  printfa.o(i._fp_digits)
    _fp_digits                               0x080038a5   Thumb Code   334  printfa.o(i._fp_digits)
    i._printf_core                           0x08003a08   Section        0  printfa.o(i._printf_core)
    _printf_core                             0x08003a09   Thumb Code  1744  printfa.o(i._printf_core)
    i._printf_post_padding                   0x080040e4   Section        0  printfa.o(i._printf_post_padding)
    _printf_post_padding                     0x080040e5   Thumb Code    36  printfa.o(i._printf_post_padding)
    i._printf_pre_padding                    0x08004108   Section        0  printfa.o(i._printf_pre_padding)
    _printf_pre_padding                      0x08004109   Thumb Code    46  printfa.o(i._printf_pre_padding)
    i._sputc                                 0x08004136   Section        0  printfa.o(i._sputc)
    _sputc                                   0x08004137   Thumb Code    10  printfa.o(i._sputc)
    i._task_scan_key_cb                      0x08004140   Section        0  stask.o(i._task_scan_key_cb)
    _task_scan_key_cb                        0x08004141   Thumb Code     2  stask.o(i._task_scan_key_cb)
    i._task_scan_radio_cb                    0x08004142   Section        0  stask.o(i._task_scan_radio_cb)
    _task_scan_radio_cb                      0x08004143   Thumb Code     4  stask.o(i._task_scan_radio_cb)
    i._task_scan_usart_cb                    0x08004146   Section        0  stask.o(i._task_scan_usart_cb)
    _task_scan_usart_cb                      0x08004147   Thumb Code     4  stask.o(i._task_scan_usart_cb)
    i._task_scan_value_cb                    0x0800414a   Section        0  stask.o(i._task_scan_value_cb)
    _task_scan_value_cb                      0x0800414b   Thumb Code     4  stask.o(i._task_scan_value_cb)
    i._task_soft_timer_cb                    0x0800414e   Section        0  stask.o(i._task_soft_timer_cb)
    _task_soft_timer_cb                      0x0800414f   Thumb Code     6  stask.o(i._task_soft_timer_cb)
    i._timer_beep_cb                         0x08004154   Section        0  stimer.o(i._timer_beep_cb)
    _timer_beep_cb                           0x08004155   Thumb Code     2  stimer.o(i._timer_beep_cb)
    i._timer_key_cb                          0x08004156   Section        0  stimer.o(i._timer_key_cb)
    _timer_key_cb                            0x08004157   Thumb Code     2  stimer.o(i._timer_key_cb)
    i._timer_led_blue_cb                     0x08004158   Section        0  stimer.o(i._timer_led_blue_cb)
    _timer_led_blue_cb                       0x08004159   Thumb Code     2  stimer.o(i._timer_led_blue_cb)
    i._timer_led_green_cb                    0x0800415c   Section        0  stimer.o(i._timer_led_green_cb)
    _timer_led_green_cb                      0x0800415d   Thumb Code    10  stimer.o(i._timer_led_green_cb)
    i._timer_led_red_cb                      0x0800416c   Section        0  stimer.o(i._timer_led_red_cb)
    _timer_led_red_cb                        0x0800416d   Thumb Code     2  stimer.o(i._timer_led_red_cb)
    i._timer_light_cb                        0x0800416e   Section        0  stimer.o(i._timer_light_cb)
    _timer_light_cb                          0x0800416f   Thumb Code     2  stimer.o(i._timer_light_cb)
    i._timer_offlight_cb                     0x08004170   Section        0  stimer.o(i._timer_offlight_cb)
    _timer_offlight_cb                       0x08004171   Thumb Code     2  stimer.o(i._timer_offlight_cb)
    i._timer_usart_cb                        0x08004172   Section        0  stimer.o(i._timer_usart_cb)
    _timer_usart_cb                          0x08004173   Thumb Code     4  stimer.o(i._timer_usart_cb)
    i.delay                                  0x08004176   Section        0  sx1276_hal.o(i.delay)
    i.internal_alloc                         0x0800417c   Section        0  mallocr.o(i.internal_alloc)
    internal_alloc                           0x0800417d   Thumb Code    76  mallocr.o(i.internal_alloc)
    i.main                                   0x080041cc   Section        0  main.o(i.main)
    i.spTaskScheduler                        0x0800420c   Section        0  stask.o(i.spTaskScheduler)
    i.spTimerTaskScheduler                   0x0800423c   Section        0  stimer.o(i.spTimerTaskScheduler)
    .constdata                               0x08004288   Section      224  sx1276.o(.constdata)
    .constdata                               0x08004368   Section       24  sx1276_timer.o(.constdata)
    .constdata                               0x08004380   Section       16  system_stm32f1xx.o(.constdata)
    .constdata                               0x08004390   Section        8  system_stm32f1xx.o(.constdata)
    .data                                    0x20000000   Section       60  stask.o(.data)
    .data                                    0x2000003c   Section      196  stimer.o(.data)
    temp                                     0x2000003c   Data           4  stimer.o(.data)
    .data                                    0x20000100   Section       36  sx1276.o(.data)
    RadioEvents                              0x20000100   Data           4  sx1276.o(.data)
    .data                                    0x20000124   Section        8  sx1276_timer.o(.data)
    timerListInitFlag                        0x20000124   Data           1  sx1276_timer.o(.data)
    timerListHead                            0x20000128   Data           4  sx1276_timer.o(.data)
    .data                                    0x2000012c   Section       31  sx1276_user.o(.data)
    bufferSize                               0x2000012e   Data           2  sx1276_user.o(.data)
    mybufferSize                             0x20000130   Data           2  sx1276_user.o(.data)
    .data                                    0x2000014c   Section        8  sx1276-board.o(.data)
    RadioIsActive                            0x2000014c   Data           1  sx1276-board.o(.data)
    dio0Irq                                  0x20000150   Data           4  sx1276-board.o(.data)
    .data                                    0x20000154   Section       12  stm32f1xx_hal.o(.data)
    .data                                    0x20000160   Section        4  system_stm32f1xx.o(.data)
    .data                                    0x20000164   Section        4  mvars.o(.data)
    .data                                    0x20000168   Section        4  mvars.o(.data)
    .bss                                     0x2000016c   Section      376  sx1276.o(.bss)
    RxTxBuffer                               0x2000016c   Data         256  sx1276.o(.bss)
    .bss                                     0x200002e4   Section      264  base_usart.o(.bss)
    .bss                                     0x200003ec   Section       48  adc.o(.bss)
    .bss                                     0x2000041c   Section       88  spi.o(.bss)
    .bss                                     0x20000474   Section       72  tim.o(.bss)
    .bss                                     0x200004bc   Section       64  usart.o(.bss)
    HEAP                                     0x20000500   Section      512  startup_stm32f103xb.o(HEAP)
    STACK                                    0x20000700   Section     1024  startup_stm32f103xb.o(STACK)

    Global Symbols

    Symbol Name                              Value     Ov Type        Size  Object(Section)

    BuildAttributes$$THM_ISAv4$P$D$K$B$S$PE$A:L22UL41UL21$X:L11$S22US41US21$IEEE1$IW$USESV6$~STKCKD$USESV7$~SHL$OTIME$ROPI$IEEEJ$EBA8$MICROLIB$REQ8$PRES8$EABIv2 0x00000000   Number         0  anon$$obj.o ABSOLUTE
    __ARM_use_no_argv                        0x00000000   Number         0  main.o ABSOLUTE
    _printf_a                                0x00000000   Number         0  stubs.o ABSOLUTE
    _printf_c                                0x00000000   Number         0  stubs.o ABSOLUTE
    _printf_charcount                        0x00000000   Number         0  stubs.o ABSOLUTE
    _printf_d                                0x00000000   Number         0  stubs.o ABSOLUTE
    _printf_e                                0x00000000   Number         0  stubs.o ABSOLUTE
    _printf_f                                0x00000000   Number         0  stubs.o ABSOLUTE
    _printf_flags                            0x00000000   Number         0  stubs.o ABSOLUTE
    _printf_fp_dec                           0x00000000   Number         0  stubs.o ABSOLUTE
    _printf_fp_hex                           0x00000000   Number         0  stubs.o ABSOLUTE
    _printf_g                                0x00000000   Number         0  stubs.o ABSOLUTE
    _printf_i                                0x00000000   Number         0  stubs.o ABSOLUTE
    _printf_int_dec                          0x00000000   Number         0  stubs.o ABSOLUTE
    _printf_l                                0x00000000   Number         0  stubs.o ABSOLUTE
    _printf_lc                               0x00000000   Number         0  stubs.o ABSOLUTE
    _printf_ll                               0x00000000   Number         0  stubs.o ABSOLUTE
    _printf_lld                              0x00000000   Number         0  stubs.o ABSOLUTE
    _printf_lli                              0x00000000   Number         0  stubs.o ABSOLUTE
    _printf_llo                              0x00000000   Number         0  stubs.o ABSOLUTE
    _printf_llu                              0x00000000   Number         0  stubs.o ABSOLUTE
    _printf_llx                              0x00000000   Number         0  stubs.o ABSOLUTE
    _printf_longlong_dec                     0x00000000   Number         0  stubs.o ABSOLUTE
    _printf_longlong_hex                     0x00000000   Number         0  stubs.o ABSOLUTE
    _printf_longlong_oct                     0x00000000   Number         0  stubs.o ABSOLUTE
    _printf_ls                               0x00000000   Number         0  stubs.o ABSOLUTE
    _printf_mbtowc                           0x00000000   Number         0  stubs.o ABSOLUTE
    _printf_n                                0x00000000   Number         0  stubs.o ABSOLUTE
    _printf_o                                0x00000000   Number         0  stubs.o ABSOLUTE
    _printf_p                                0x00000000   Number         0  stubs.o ABSOLUTE
    _printf_percent                          0x00000000   Number         0  stubs.o ABSOLUTE
    _printf_pre_padding                      0x00000000   Number         0  stubs.o ABSOLUTE
    _printf_return_value                     0x00000000   Number         0  stubs.o ABSOLUTE
    _printf_s                                0x00000000   Number         0  stubs.o ABSOLUTE
    _printf_sizespec                         0x00000000   Number         0  stubs.o ABSOLUTE
    _printf_str                              0x00000000   Number         0  stubs.o ABSOLUTE
    _printf_truncate_signed                  0x00000000   Number         0  stubs.o ABSOLUTE
    _printf_truncate_unsigned                0x00000000   Number         0  stubs.o ABSOLUTE
    _printf_u                                0x00000000   Number         0  stubs.o ABSOLUTE
    _printf_wc                               0x00000000   Number         0  stubs.o ABSOLUTE
    _printf_wctomb                           0x00000000   Number         0  stubs.o ABSOLUTE
    _printf_widthprec                        0x00000000   Number         0  stubs.o ABSOLUTE
    _printf_x                                0x00000000   Number         0  stubs.o ABSOLUTE
    __cpp_initialize__aeabi_                  - Undefined Weak Reference
    __cxa_finalize                            - Undefined Weak Reference
    _clock_init                               - Undefined Weak Reference
    _microlib_exit                            - Undefined Weak Reference
    _scanf_int                                - Undefined Weak Reference
    _scanf_longlong                           - Undefined Weak Reference
    _scanf_string                             - Undefined Weak Reference
    __Vectors_Size                           0x000000ec   Number         0  startup_stm32f103xb.o ABSOLUTE
    __Vectors                                0x08000000   Data           4  startup_stm32f103xb.o(RESET)
    __Vectors_End                            0x080000ec   Data           0  startup_stm32f103xb.o(RESET)
    __main                                   0x080000ed   Thumb Code     0  entry.o(.ARM.Collect$$$$00000000)
    _main_stk                                0x080000ed   Thumb Code     0  entry2.o(.ARM.Collect$$$$00000001)
    _main_scatterload                        0x080000f1   Thumb Code     0  entry5.o(.ARM.Collect$$$$00000004)
    __main_after_scatterload                 0x080000f5   Thumb Code     0  entry5.o(.ARM.Collect$$$$00000004)
    _main_clock                              0x080000f5   Thumb Code     0  entry7b.o(.ARM.Collect$$$$00000008)
    _main_cpp_init                           0x080000f5   Thumb Code     0  entry8b.o(.ARM.Collect$$$$0000000A)
    _main_init                               0x080000f5   Thumb Code     0  entry9a.o(.ARM.Collect$$$$0000000B)
    __rt_final_cpp                           0x080000fd   Thumb Code     0  entry10a.o(.ARM.Collect$$$$0000000D)
    __rt_final_exit                          0x080000fd   Thumb Code     0  entry11a.o(.ARM.Collect$$$$0000000F)
    Reset_Handler                            0x08000101   Thumb Code     8  startup_stm32f103xb.o(.text)
    ADC1_2_IRQHandler                        0x0800011b   Thumb Code     0  startup_stm32f103xb.o(.text)
    CAN1_RX1_IRQHandler                      0x0800011b   Thumb Code     0  startup_stm32f103xb.o(.text)
    CAN1_SCE_IRQHandler                      0x0800011b   Thumb Code     0  startup_stm32f103xb.o(.text)
    DMA1_Channel1_IRQHandler                 0x0800011b   Thumb Code     0  startup_stm32f103xb.o(.text)
    DMA1_Channel2_IRQHandler                 0x0800011b   Thumb Code     0  startup_stm32f103xb.o(.text)
    DMA1_Channel3_IRQHandler                 0x0800011b   Thumb Code     0  startup_stm32f103xb.o(.text)
    DMA1_Channel4_IRQHandler                 0x0800011b   Thumb Code     0  startup_stm32f103xb.o(.text)
    DMA1_Channel5_IRQHandler                 0x0800011b   Thumb Code     0  startup_stm32f103xb.o(.text)
    DMA1_Channel6_IRQHandler                 0x0800011b   Thumb Code     0  startup_stm32f103xb.o(.text)
    DMA1_Channel7_IRQHandler                 0x0800011b   Thumb Code     0  startup_stm32f103xb.o(.text)
    EXTI0_IRQHandler                         0x0800011b   Thumb Code     0  startup_stm32f103xb.o(.text)
    EXTI15_10_IRQHandler                     0x0800011b   Thumb Code     0  startup_stm32f103xb.o(.text)
    EXTI2_IRQHandler                         0x0800011b   Thumb Code     0  startup_stm32f103xb.o(.text)
    EXTI3_IRQHandler                         0x0800011b   Thumb Code     0  startup_stm32f103xb.o(.text)
    EXTI4_IRQHandler                         0x0800011b   Thumb Code     0  startup_stm32f103xb.o(.text)
    EXTI9_5_IRQHandler                       0x0800011b   Thumb Code     0  startup_stm32f103xb.o(.text)
    FLASH_IRQHandler                         0x0800011b   Thumb Code     0  startup_stm32f103xb.o(.text)
    I2C1_ER_IRQHandler                       0x0800011b   Thumb Code     0  startup_stm32f103xb.o(.text)
    I2C1_EV_IRQHandler                       0x0800011b   Thumb Code     0  startup_stm32f103xb.o(.text)
    I2C2_ER_IRQHandler                       0x0800011b   Thumb Code     0  startup_stm32f103xb.o(.text)
    I2C2_EV_IRQHandler                       0x0800011b   Thumb Code     0  startup_stm32f103xb.o(.text)
    PVD_IRQHandler                           0x0800011b   Thumb Code     0  startup_stm32f103xb.o(.text)
    RCC_IRQHandler                           0x0800011b   Thumb Code     0  startup_stm32f103xb.o(.text)
    RTC_Alarm_IRQHandler                     0x0800011b   Thumb Code     0  startup_stm32f103xb.o(.text)
    RTC_IRQHandler                           0x0800011b   Thumb Code     0  startup_stm32f103xb.o(.text)
    SPI1_IRQHandler                          0x0800011b   Thumb Code     0  startup_stm32f103xb.o(.text)
    SPI2_IRQHandler                          0x0800011b   Thumb Code     0  startup_stm32f103xb.o(.text)
    TAMPER_IRQHandler                        0x0800011b   Thumb Code     0  startup_stm32f103xb.o(.text)
    TIM1_BRK_IRQHandler                      0x0800011b   Thumb Code     0  startup_stm32f103xb.o(.text)
    TIM1_CC_IRQHandler                       0x0800011b   Thumb Code     0  startup_stm32f103xb.o(.text)
    TIM1_TRG_COM_IRQHandler                  0x0800011b   Thumb Code     0  startup_stm32f103xb.o(.text)
    TIM1_UP_IRQHandler                       0x0800011b   Thumb Code     0  startup_stm32f103xb.o(.text)
    TIM2_IRQHandler                          0x0800011b   Thumb Code     0  startup_stm32f103xb.o(.text)
    TIM3_IRQHandler                          0x0800011b   Thumb Code     0  startup_stm32f103xb.o(.text)
    TIM4_IRQHandler                          0x0800011b   Thumb Code     0  startup_stm32f103xb.o(.text)
    USART2_IRQHandler                        0x0800011b   Thumb Code     0  startup_stm32f103xb.o(.text)
    USART3_IRQHandler                        0x0800011b   Thumb Code     0  startup_stm32f103xb.o(.text)
    USBWakeUp_IRQHandler                     0x0800011b   Thumb Code     0  startup_stm32f103xb.o(.text)
    USB_HP_CAN1_TX_IRQHandler                0x0800011b   Thumb Code     0  startup_stm32f103xb.o(.text)
    USB_LP_CAN1_RX0_IRQHandler               0x0800011b   Thumb Code     0  startup_stm32f103xb.o(.text)
    WWDG_IRQHandler                          0x0800011b   Thumb Code     0  startup_stm32f103xb.o(.text)
    __aeabi_llsr                             0x08000125   Thumb Code    32  llushr.o(.text)
    _ll_ushift_r                             0x08000125   Thumb Code     0  llushr.o(.text)
    __aeabi_memcpy                           0x08000145   Thumb Code    36  memcpya.o(.text)
    __aeabi_memcpy4                          0x08000145   Thumb Code     0  memcpya.o(.text)
    __aeabi_memcpy8                          0x08000145   Thumb Code     0  memcpya.o(.text)
    __aeabi_memset                           0x08000169   Thumb Code    14  memseta.o(.text)
    __aeabi_memset4                          0x08000169   Thumb Code     0  memseta.o(.text)
    __aeabi_memset8                          0x08000169   Thumb Code     0  memseta.o(.text)
    __aeabi_memclr                           0x08000177   Thumb Code     4  memseta.o(.text)
    __aeabi_memclr4                          0x08000177   Thumb Code     0  memseta.o(.text)
    __aeabi_memclr8                          0x08000177   Thumb Code     0  memseta.o(.text)
    _memset$wrapper                          0x0800017b   Thumb Code    18  memseta.o(.text)
    strcat                                   0x0800018d   Thumb Code    24  strcat.o(.text)
    strlen                                   0x080001a5   Thumb Code    14  strlen.o(.text)
    __aeabi_dadd                             0x080001b3   Thumb Code   322  dadd.o(.text)
    __aeabi_dsub                             0x080002f5   Thumb Code     6  dadd.o(.text)
    __aeabi_drsub                            0x080002fb   Thumb Code     6  dadd.o(.text)
    __aeabi_dmul                             0x08000301   Thumb Code   228  dmul.o(.text)
    __aeabi_ddiv                             0x080003e5   Thumb Code   222  ddiv.o(.text)
    __aeabi_ui2d                             0x080004c3   Thumb Code    26  dfltui.o(.text)
    __aeabi_d2iz                             0x080004dd   Thumb Code    62  dfixi.o(.text)
    __aeabi_d2uiz                            0x0800051b   Thumb Code    50  dfixui.o(.text)
    __aeabi_cdrcmple                         0x0800054d   Thumb Code    48  cdrcmple.o(.text)
    __aeabi_uidiv                            0x0800057d   Thumb Code     0  uidiv.o(.text)
    __aeabi_uidivmod                         0x0800057d   Thumb Code    44  uidiv.o(.text)
    __aeabi_uldivmod                         0x080005a9   Thumb Code    98  uldiv.o(.text)
    __aeabi_llsl                             0x0800060b   Thumb Code    30  llshl.o(.text)
    _ll_shift_l                              0x0800060b   Thumb Code     0  llshl.o(.text)
    __aeabi_lasr                             0x08000629   Thumb Code    36  llsshr.o(.text)
    _ll_sshift_r                             0x08000629   Thumb Code     0  llsshr.o(.text)
    __I$use$fp                               0x0800064d   Thumb Code     0  iusefp.o(.text)
    _double_round                            0x0800064d   Thumb Code    30  depilogue.o(.text)
    _double_epilogue                         0x0800066b   Thumb Code   156  depilogue.o(.text)
    __aeabi_d2ulz                            0x08000707   Thumb Code    48  dfixul.o(.text)
    __scatterload                            0x08000739   Thumb Code    28  init.o(.text)
    __scatterload_rt2                        0x08000739   Thumb Code     0  init.o(.text)
    __decompress                             0x0800075d   Thumb Code     0  __dczerorl2.o(.text)
    __decompress1                            0x0800075d   Thumb Code    86  __dczerorl2.o(.text)
    ADC_ConversionStop_Disable               0x080007b5   Thumb Code    76  stm32f1xx_hal_adc.o(i.ADC_ConversionStop_Disable)
    ADC_Enable                               0x08000801   Thumb Code   104  stm32f1xx_hal_adc.o(i.ADC_Enable)
    Base_Usart1_Init                         0x08000871   Thumb Code    26  base_usart.o(i.Base_Usart1_Init)
    BusFault_Handler                         0x08000895   Thumb Code     2  stm32f1xx_it.o(i.BusFault_Handler)
    DebugMon_Handler                         0x08000897   Thumb Code     2  stm32f1xx_it.o(i.DebugMon_Handler)
    EXTI1_IRQHandler                         0x08000899   Thumb Code     6  stm32f1xx_it.o(i.EXTI1_IRQHandler)
    Error_Handler                            0x0800089f   Thumb Code     2  main.o(i.Error_Handler)
    FAN_Set_Speed                            0x080008a1   Thumb Code    12  fan.o(i.FAN_Set_Speed)
    GenerateTask                             0x08000a11   Thumb Code    42  getdata.o(i.GenerateTask)
    HAL_ADCEx_Calibration_Start              0x08000a41   Thumb Code   194  stm32f1xx_hal_adc_ex.o(i.HAL_ADCEx_Calibration_Start)
    HAL_ADC_ConfigChannel                    0x08000b09   Thumb Code   240  stm32f1xx_hal_adc.o(i.HAL_ADC_ConfigChannel)
    HAL_ADC_GetState                         0x08000c05   Thumb Code     4  stm32f1xx_hal_adc.o(i.HAL_ADC_GetState)
    HAL_ADC_GetValue                         0x08000c09   Thumb Code     6  stm32f1xx_hal_adc.o(i.HAL_ADC_GetValue)
    HAL_ADC_Init                             0x08000c11   Thumb Code   272  stm32f1xx_hal_adc.o(i.HAL_ADC_Init)
    HAL_ADC_MspInit                          0x08000d2d   Thumb Code    76  adc.o(i.HAL_ADC_MspInit)
    HAL_ADC_PollForConversion                0x08000d85   Thumb Code   290  stm32f1xx_hal_adc.o(i.HAL_ADC_PollForConversion)
    HAL_ADC_Start                            0x08000eb5   Thumb Code   184  stm32f1xx_hal_adc.o(i.HAL_ADC_Start)
    HAL_ADC_Stop                             0x08000f75   Thumb Code    52  stm32f1xx_hal_adc.o(i.HAL_ADC_Stop)
    HAL_DMA_Abort_IT                         0x08000fa9   Thumb Code   148  stm32f1xx_hal_dma.o(i.HAL_DMA_Abort_IT)
    HAL_Delay                                0x08001041   Thumb Code    32  stm32f1xx_hal.o(i.HAL_Delay)
    HAL_GPIO_EXTI_Callback                   0x08001065   Thumb Code    16  sx1276-board.o(i.HAL_GPIO_EXTI_Callback)
    HAL_GPIO_EXTI_IRQHandler                 0x08001079   Thumb Code    18  stm32f1xx_hal_gpio.o(i.HAL_GPIO_EXTI_IRQHandler)
    HAL_GPIO_Init                            0x08001091   Thumb Code   446  stm32f1xx_hal_gpio.o(i.HAL_GPIO_Init)
    HAL_GPIO_ReadPin                         0x08001271   Thumb Code    10  stm32f1xx_hal_gpio.o(i.HAL_GPIO_ReadPin)
    HAL_GPIO_TogglePin                       0x0800127b   Thumb Code    16  stm32f1xx_hal_gpio.o(i.HAL_GPIO_TogglePin)
    HAL_GPIO_WritePin                        0x0800128b   Thumb Code    10  stm32f1xx_hal_gpio.o(i.HAL_GPIO_WritePin)
    HAL_GetTick                              0x08001295   Thumb Code     6  stm32f1xx_hal.o(i.HAL_GetTick)
    HAL_IncTick                              0x080012a1   Thumb Code    12  stm32f1xx_hal.o(i.HAL_IncTick)
    HAL_Init                                 0x080012b1   Thumb Code    32  stm32f1xx_hal.o(i.HAL_Init)
    HAL_InitTick                             0x080012d5   Thumb Code    54  stm32f1xx_hal.o(i.HAL_InitTick)
    HAL_MspInit                              0x08001315   Thumb Code    52  stm32f1xx_hal_msp.o(i.HAL_MspInit)
    HAL_NVIC_EnableIRQ                       0x08001351   Thumb Code    26  stm32f1xx_hal_cortex.o(i.HAL_NVIC_EnableIRQ)
    HAL_NVIC_SetPriority                     0x0800136d   Thumb Code    60  stm32f1xx_hal_cortex.o(i.HAL_NVIC_SetPriority)
    HAL_NVIC_SetPriorityGrouping             0x080013ad   Thumb Code    26  stm32f1xx_hal_cortex.o(i.HAL_NVIC_SetPriorityGrouping)
    HAL_RCCEx_GetPeriphCLKFreq               0x080013d1   Thumb Code   166  stm32f1xx_hal_rcc_ex.o(i.HAL_RCCEx_GetPeriphCLKFreq)
    HAL_RCCEx_PeriphCLKConfig                0x08001499   Thumb Code   224  stm32f1xx_hal_rcc_ex.o(i.HAL_RCCEx_PeriphCLKConfig)
    HAL_RCC_ClockConfig                      0x08001585   Thumb Code   280  stm32f1xx_hal_rcc.o(i.HAL_RCC_ClockConfig)
    HAL_RCC_GetPCLK1Freq                     0x080016b1   Thumb Code    20  stm32f1xx_hal_rcc.o(i.HAL_RCC_GetPCLK1Freq)
    HAL_RCC_GetPCLK2Freq                     0x080016d1   Thumb Code    20  stm32f1xx_hal_rcc.o(i.HAL_RCC_GetPCLK2Freq)
    HAL_RCC_GetSysClockFreq                  0x080016f1   Thumb Code    74  stm32f1xx_hal_rcc.o(i.HAL_RCC_GetSysClockFreq)
    HAL_RCC_OscConfig                        0x0800175d   Thumb Code   778  stm32f1xx_hal_rcc.o(i.HAL_RCC_OscConfig)
    HAL_SPI_Init                             0x08001a7d   Thumb Code   178  stm32f1xx_hal_spi.o(i.HAL_SPI_Init)
    HAL_SPI_MspInit                          0x08001b31   Thumb Code    98  spi.o(i.HAL_SPI_MspInit)
    HAL_SPI_TransmitReceive                  0x08001ba1   Thumb Code   482  stm32f1xx_hal_spi.o(i.HAL_SPI_TransmitReceive)
    HAL_SYSTICK_Config                       0x08001d83   Thumb Code    40  stm32f1xx_hal_cortex.o(i.HAL_SYSTICK_Config)
    HAL_TIMEx_ConfigBreakDeadTime            0x08001dab   Thumb Code    84  stm32f1xx_hal_tim_ex.o(i.HAL_TIMEx_ConfigBreakDeadTime)
    HAL_TIMEx_MasterConfigSynchronization    0x08001e01   Thumb Code    92  stm32f1xx_hal_tim_ex.o(i.HAL_TIMEx_MasterConfigSynchronization)
    HAL_TIM_Base_Init                        0x08001e69   Thumb Code    90  stm32f1xx_hal_tim.o(i.HAL_TIM_Base_Init)
    HAL_TIM_Base_MspInit                     0x08001ec5   Thumb Code    30  tim.o(i.HAL_TIM_Base_MspInit)
    HAL_TIM_ConfigClockSource                0x08001eed   Thumb Code   214  stm32f1xx_hal_tim.o(i.HAL_TIM_ConfigClockSource)
    HAL_TIM_MspPostInit                      0x08001fc5   Thumb Code    64  tim.o(i.HAL_TIM_MspPostInit)
    HAL_TIM_PWM_ConfigChannel                0x08002011   Thumb Code   198  stm32f1xx_hal_tim.o(i.HAL_TIM_PWM_ConfigChannel)
    HAL_TIM_PWM_Init                         0x080020d7   Thumb Code    90  stm32f1xx_hal_tim.o(i.HAL_TIM_PWM_Init)
    HAL_TIM_PWM_MspInit                      0x08002131   Thumb Code     2  stm32f1xx_hal_tim.o(i.HAL_TIM_PWM_MspInit)
    HAL_TIM_PWM_Start                        0x08002135   Thumb Code   144  stm32f1xx_hal_tim.o(i.HAL_TIM_PWM_Start)
    HAL_UART_ErrorCallback                   0x080021d1   Thumb Code     2  stm32f1xx_hal_uart.o(i.HAL_UART_ErrorCallback)
    HAL_UART_IRQHandler                      0x080021d5   Thumb Code   344  stm32f1xx_hal_uart.o(i.HAL_UART_IRQHandler)
    HAL_UART_Init                            0x08002331   Thumb Code    98  stm32f1xx_hal_uart.o(i.HAL_UART_Init)
    HAL_UART_MspInit                         0x08002395   Thumb Code   116  usart.o(i.HAL_UART_MspInit)
    HAL_UART_Receive_IT                      0x08002415   Thumb Code    82  stm32f1xx_hal_uart.o(i.HAL_UART_Receive_IT)
    HAL_UART_RxCpltCallback                  0x08002469   Thumb Code    62  base_usart.o(i.HAL_UART_RxCpltCallback)
    HAL_UART_Transmit                        0x080024b1   Thumb Code   178  stm32f1xx_hal_uart.o(i.HAL_UART_Transmit)
    HAL_UART_TxCpltCallback                  0x08002563   Thumb Code     2  stm32f1xx_hal_uart.o(i.HAL_UART_TxCpltCallback)
    HalSpiTransmit                           0x08002565   Thumb Code    34  sx1276_hal.o(i.HalSpiTransmit)
    HalSpiWriteNss                           0x0800258d   Thumb Code    18  sx1276_hal.o(i.HalSpiWriteNss)
    HalWriteReset                            0x080025a5   Thumb Code    18  sx1276_hal.o(i.HalWriteReset)
    HalWriteRxTx                             0x080025bd   Thumb Code    18  sx1276_hal.o(i.HalWriteRxTx)
    HardFault_Handler                        0x080025d5   Thumb Code     2  stm32f1xx_it.o(i.HardFault_Handler)
    MX_ADC1_Init                             0x080025d9   Thumb Code    92  adc.o(i.MX_ADC1_Init)
    MX_GPIO_Init                             0x0800263d   Thumb Code   236  gpio.o(i.MX_GPIO_Init)
    MX_SPI1_Init                             0x0800273d   Thumb Code    60  spi.o(i.MX_SPI1_Init)
    MX_TIM1_Init                             0x08002781   Thumb Code   194  tim.o(i.MX_TIM1_Init)
    MX_USART1_UART_Init                      0x0800284d   Thumb Code    48  usart.o(i.MX_USART1_UART_Init)
    MemManage_Handler                        0x08002885   Thumb Code     2  stm32f1xx_it.o(i.MemManage_Handler)
    NMI_Handler                              0x08002887   Thumb Code     2  stm32f1xx_it.o(i.NMI_Handler)
    PendSV_Handler                           0x08002889   Thumb Code     2  stm32f1xx_it.o(i.PendSV_Handler)
    SVC_Handler                              0x080029f9   Thumb Code     2  stm32f1xx_it.o(i.SVC_Handler)
    SX1276OnDio0Event                        0x080029fd   Thumb Code   640  sx1276.o(i.SX1276OnDio0Event)
    SX1276OnDio0Irq                          0x08002c91   Thumb Code     8  sx1276.o(i.SX1276OnDio0Irq)
    SX1276OnDio1Event                        0x08002c9d   Thumb Code   204  sx1276.o(i.SX1276OnDio1Event)
    SX1276OnDio1Irq                          0x08002d75   Thumb Code     8  sx1276.o(i.SX1276OnDio1Irq)
    SX1276OnDio2Event                        0x08002d81   Thumb Code   180  sx1276.o(i.SX1276OnDio2Event)
    SX1276OnDio2Irq                          0x08002e45   Thumb Code     8  sx1276.o(i.SX1276OnDio2Irq)
    SX1276OnDio3Irq                          0x08002e51   Thumb Code     8  sx1276.o(i.SX1276OnDio3Irq)
    SX1276OnDio4Irq                          0x08002e5d   Thumb Code    24  sx1276.o(i.SX1276OnDio4Irq)
    SX1276OnTimeoutEvent                     0x08002e79   Thumb Code   204  sx1276.o(i.SX1276OnTimeoutEvent)
    SX1276Read                               0x08002f55   Thumb Code    16  sx1276.o(i.SX1276Read)
    SX1276ReadBuffer                         0x08002f65   Thumb Code    52  sx1276.o(i.SX1276ReadBuffer)
    SX1276ReadFifo                           0x08002f99   Thumb Code    10  sx1276.o(i.SX1276ReadFifo)
    SX1276SetAntSw                           0x08002fa5   Thumb Code    16  sx1276-board.o(i.SX1276SetAntSw)
    SX1276SetAntSwLowPower                   0x08002fb5   Thumb Code    26  sx1276-board.o(i.SX1276SetAntSwLowPower)
    SX1276SetChannel                         0x08002fd5   Thumb Code    56  sx1276.o(i.SX1276SetChannel)
    SX1276SetModem                           0x08003015   Thumb Code   110  sx1276.o(i.SX1276SetModem)
    SX1276SetOpMode                          0x08003089   Thumb Code    48  sx1276.o(i.SX1276SetOpMode)
    SX1276SetPublicNetwork                   0x080030b9   Thumb Code    34  sx1276.o(i.SX1276SetPublicNetwork)
    SX1276SetReset                           0x080030e1   Thumb Code    30  sx1276-board.o(i.SX1276SetReset)
    SX1276SetSleep                           0x08003101   Thumb Code    30  sx1276.o(i.SX1276SetSleep)
    SX1276Task                               0x08003129   Thumb Code    60  sx1276.o(i.SX1276Task)
    SX1276Write                              0x08003169   Thumb Code    12  sx1276.o(i.SX1276Write)
    SX1276WriteBuffer                        0x08003175   Thumb Code    50  sx1276.o(i.SX1276WriteBuffer)
    SX1276WriteFifo                          0x080031a7   Thumb Code    10  sx1276.o(i.SX1276WriteFifo)
    SpiSetNss                                0x080031b1   Thumb Code     4  sx1276-board.o(i.SpiSetNss)
    SpiTransfer                              0x080031b5   Thumb Code     4  sx1276-board.o(i.SpiTransfer)
    SysTick_Handler                          0x080031b9   Thumb Code     4  stm32f1xx_it.o(i.SysTick_Handler)
    SystemClock_Config                       0x080031bd   Thumb Code    98  main.o(i.SystemClock_Config)
    SystemInit                               0x0800321f   Thumb Code     2  system_stm32f1xx.o(i.SystemInit)
    TIM_Base_SetConfig                       0x08003221   Thumb Code    94  stm32f1xx_hal_tim.o(i.TIM_Base_SetConfig)
    TIM_CCxChannelCmd                        0x0800328d   Thumb Code    26  stm32f1xx_hal_tim.o(i.TIM_CCxChannelCmd)
    TIM_ETR_SetConfig                        0x080032a7   Thumb Code    20  stm32f1xx_hal_tim.o(i.TIM_ETR_SetConfig)
    TIM_OC2_SetConfig                        0x0800331d   Thumb Code    84  stm32f1xx_hal_tim.o(i.TIM_OC2_SetConfig)
    TimerChangePeriod                        0x08003459   Thumb Code    22  sx1276_timer.o(i.TimerChangePeriod)
    TimerLoop                                0x08003495   Thumb Code    54  sx1276_timer.o(i.TimerLoop)
    TimerRegister                            0x080034d1   Thumb Code   106  sx1276_timer.o(i.TimerRegister)
    TimerReset                               0x08003541   Thumb Code     4  sx1276_timer.o(i.TimerReset)
    TimerStart                               0x08003545   Thumb Code    34  sx1276_timer.o(i.TimerStart)
    TimerStop                                0x0800356d   Thumb Code    26  sx1276_timer.o(i.TimerStop)
    USART1_IRQHandler                        0x08003761   Thumb Code     6  stm32f1xx_it.o(i.USART1_IRQHandler)
    USER_Get_Usart_Receive_Flag              0x0800376d   Thumb Code     8  base_usart.o(i.USER_Get_Usart_Receive_Flag)
    USER_UART_Receive_Timeout                0x08003779   Thumb Code    16  base_usart.o(i.USER_UART_Receive_Timeout)
    UsageFault_Handler                       0x0800378d   Thumb Code     2  stm32f1xx_it.o(i.UsageFault_Handler)
    __0sprintf                               0x08003791   Thumb Code    34  printfa.o(i.__0sprintf)
    __1sprintf                               0x08003791   Thumb Code     0  printfa.o(i.__0sprintf)
    __2sprintf                               0x08003791   Thumb Code     0  printfa.o(i.__0sprintf)
    __c89sprintf                             0x08003791   Thumb Code     0  printfa.o(i.__0sprintf)
    sprintf                                  0x08003791   Thumb Code     0  printfa.o(i.__0sprintf)
    free                                     0x080037d9   Thumb Code    88  mallocr.o(i.__free$realloc)
    malloc                                   0x08003835   Thumb Code    64  mallocr.o(i.__malloc$realloc)
    __scatterload_copy                       0x08003885   Thumb Code    14  handlers.o(i.__scatterload_copy)
    __scatterload_null                       0x08003893   Thumb Code     2  handlers.o(i.__scatterload_null)
    __scatterload_zeroinit                   0x08003895   Thumb Code    14  handlers.o(i.__scatterload_zeroinit)
    delay                                    0x08004177   Thumb Code     4  sx1276_hal.o(i.delay)
    main                                     0x080041cd   Thumb Code    54  main.o(i.main)
    spTaskScheduler                          0x0800420d   Thumb Code    44  stask.o(i.spTaskScheduler)
    spTimerTaskScheduler                     0x0800423d   Thumb Code    72  stimer.o(i.spTimerTaskScheduler)
    RadioRegsInit                            0x08004288   Data          48  sx1276.o(.constdata)
    FskBandwidths                            0x080042b8   Data         176  sx1276.o(.constdata)
    Timer                                    0x08004368   Data          24  sx1276_timer.o(.constdata)
    AHBPrescTable                            0x08004380   Data          16  system_stm32f1xx.o(.constdata)
    APBPrescTable                            0x08004390   Data           8  system_stm32f1xx.o(.constdata)
    Region$$Table$$Base                      0x08004398   Number         0  anon$$obj.o(Region$$Table)
    Region$$Table$$Limit                     0x080043b8   Number         0  anon$$obj.o(Region$$Table)
    tasklist                                 0x20000000   Data          60  stask.o(.data)
    stimerlist                               0x20000040   Data         192  stimer.o(.data)
    SX1276EventIrqFlag                       0x20000104   Data           7  sx1276.o(.data)
    DioIrq                                   0x2000010c   Data          24  sx1276.o(.data)
    userControlFan                           0x2000012c   Data           1  sx1276_user.o(.data)
    userControlFanSpeed                      0x20000134   Data           4  sx1276_user.o(.data)
    paw                                      0x20000138   Data          19  sx1276_user.o(.data)
    uwTickFreq                               0x20000154   Data           1  stm32f1xx_hal.o(.data)
    uwTickPrio                               0x20000158   Data           4  stm32f1xx_hal.o(.data)
    uwTick                                   0x2000015c   Data           4  stm32f1xx_hal.o(.data)
    SystemCoreClock                          0x20000160   Data           4  system_stm32f1xx.o(.data)
    __microlib_freelist                      0x20000164   Data           4  mvars.o(.data)
    __microlib_freelist_initialised          0x20000168   Data           4  mvars.o(.data)
    SX1276                                   0x2000026c   Data         120  sx1276.o(.bss)
    usart1_s                                 0x200002e4   Data         264  base_usart.o(.bss)
    hadc1                                    0x200003ec   Data          48  adc.o(.bss)
    hspi1                                    0x2000041c   Data          88  spi.o(.bss)
    htim1                                    0x20000474   Data          72  tim.o(.bss)
    huart1                                   0x200004bc   Data          64  usart.o(.bss)
    __heap_base                              0x20000500   Data           0  startup_stm32f103xb.o(HEAP)
    __heap_limit                             0x20000700   Data           0  startup_stm32f103xb.o(HEAP)
    __initial_sp                             0x20000b00   Data           0  startup_stm32f103xb.o(STACK)



==============================================================================

Memory Map of the image

  Image Entry point : 0x080000ed

  Load Region LR_IROM1 (Base: 0x08000000, Size: 0x00004524, Max: 0x00010000, ABSOLUTE, COMPRESSED[0x00004450])

    Execution Region ER_IROM1 (Base: 0x08000000, Size: 0x000043b8, Max: 0x00010000, ABSOLUTE)

    Base Addr    Size         Type   Attr      Idx    E Section Name        Object

    0x08000000   0x000000ec   Data   RO            3    RESET               startup_stm32f103xb.o
    0x080000ec   0x00000000   Code   RO         5479  * .ARM.Collect$$$$00000000  mc_w.l(entry.o)
    0x080000ec   0x00000004   Code   RO         5825    .ARM.Collect$$$$00000001  mc_w.l(entry2.o)
    0x080000f0   0x00000004   Code   RO         5828    .ARM.Collect$$$$00000004  mc_w.l(entry5.o)
    0x080000f4   0x00000000   Code   RO         5830    .ARM.Collect$$$$00000008  mc_w.l(entry7b.o)
    0x080000f4   0x00000000   Code   RO         5832    .ARM.Collect$$$$0000000A  mc_w.l(entry8b.o)
    0x080000f4   0x00000008   Code   RO         5833    .ARM.Collect$$$$0000000B  mc_w.l(entry9a.o)
    0x080000fc   0x00000000   Code   RO         5835    .ARM.Collect$$$$0000000D  mc_w.l(entry10a.o)
    0x080000fc   0x00000000   Code   RO         5837    .ARM.Collect$$$$0000000F  mc_w.l(entry11a.o)
    0x080000fc   0x00000004   Code   RO         5826    .ARM.Collect$$$$00002712  mc_w.l(entry2.o)
    0x08000100   0x00000024   Code   RO            4    .text               startup_stm32f103xb.o
    0x08000124   0x00000020   Code   RO         5482    .text               mc_w.l(llushr.o)
    0x08000144   0x00000024   Code   RO         5486    .text               mc_w.l(memcpya.o)
    0x08000168   0x00000024   Code   RO         5488    .text               mc_w.l(memseta.o)
    0x0800018c   0x00000018   Code   RO         5490    .text               mc_w.l(strcat.o)
    0x080001a4   0x0000000e   Code   RO         5494    .text               mc_w.l(strlen.o)
    0x080001b2   0x0000014e   Code   RO         5801    .text               mf_w.l(dadd.o)
    0x08000300   0x000000e4   Code   RO         5803    .text               mf_w.l(dmul.o)
    0x080003e4   0x000000de   Code   RO         5805    .text               mf_w.l(ddiv.o)
    0x080004c2   0x0000001a   Code   RO         5811    .text               mf_w.l(dfltui.o)
    0x080004dc   0x0000003e   Code   RO         5813    .text               mf_w.l(dfixi.o)
    0x0800051a   0x00000032   Code   RO         5815    .text               mf_w.l(dfixui.o)
    0x0800054c   0x00000030   Code   RO         5821    .text               mf_w.l(cdrcmple.o)
    0x0800057c   0x0000002c   Code   RO         5840    .text               mc_w.l(uidiv.o)
    0x080005a8   0x00000062   Code   RO         5842    .text               mc_w.l(uldiv.o)
    0x0800060a   0x0000001e   Code   RO         5844    .text               mc_w.l(llshl.o)
    0x08000628   0x00000024   Code   RO         5846    .text               mc_w.l(llsshr.o)
    0x0800064c   0x00000000   Code   RO         5856    .text               mc_w.l(iusefp.o)
    0x0800064c   0x000000ba   Code   RO         5859    .text               mf_w.l(depilogue.o)
    0x08000706   0x00000030   Code   RO         5865    .text               mf_w.l(dfixul.o)
    0x08000736   0x00000002   PAD
    0x08000738   0x00000024   Code   RO         5867    .text               mc_w.l(init.o)
    0x0800075c   0x00000056   Code   RO         5884    .text               mc_w.l(__dczerorl2.o)
    0x080007b2   0x00000002   PAD
    0x080007b4   0x0000004c   Code   RO         2320    i.ADC_ConversionStop_Disable  stm32f1xx_hal_adc.o
    0x08000800   0x00000070   Code   RO         2324    i.ADC_Enable        stm32f1xx_hal_adc.o
    0x08000870   0x00000024   Code   RO         1059    i.Base_Usart1_Init  base_usart.o
    0x08000894   0x00000002   Code   RO         2172    i.BusFault_Handler  stm32f1xx_it.o
    0x08000896   0x00000002   Code   RO         2173    i.DebugMon_Handler  stm32f1xx_it.o
    0x08000898   0x00000006   Code   RO         2174    i.EXTI1_IRQHandler  stm32f1xx_it.o
    0x0800089e   0x00000002   Code   RO         1932    i.Error_Handler     main.o
    0x080008a0   0x00000010   Code   RO         5305    i.FAN_Set_Speed     fan.o
    0x080008b0   0x00000160   Code   RO         5329    i.GenerateData      getdata.o
    0x08000a10   0x00000030   Code   RO         5330    i.GenerateTask      getdata.o
    0x08000a40   0x000000c8   Code   RO         2500    i.HAL_ADCEx_Calibration_Start  stm32f1xx_hal_adc_ex.o
    0x08000b08   0x000000fc   Code   RO         2326    i.HAL_ADC_ConfigChannel  stm32f1xx_hal_adc.o
    0x08000c04   0x00000004   Code   RO         2332    i.HAL_ADC_GetState  stm32f1xx_hal_adc.o
    0x08000c08   0x00000006   Code   RO         2333    i.HAL_ADC_GetValue  stm32f1xx_hal_adc.o
    0x08000c0e   0x00000002   PAD
    0x08000c10   0x0000011c   Code   RO         2335    i.HAL_ADC_Init      stm32f1xx_hal_adc.o
    0x08000d2c   0x00000058   Code   RO         1999    i.HAL_ADC_MspInit   adc.o
    0x08000d84   0x00000130   Code   RO         2339    i.HAL_ADC_PollForConversion  stm32f1xx_hal_adc.o
    0x08000eb4   0x000000c0   Code   RO         2341    i.HAL_ADC_Start     stm32f1xx_hal_adc.o
    0x08000f74   0x00000034   Code   RO         2344    i.HAL_ADC_Stop      stm32f1xx_hal_adc.o
    0x08000fa8   0x00000098   Code   RO         2976    i.HAL_DMA_Abort_IT  stm32f1xx_hal_dma.o
    0x08001040   0x00000024   Code   RO         2603    i.HAL_Delay         stm32f1xx_hal.o
    0x08001064   0x00000014   Code   RO          897    i.HAL_GPIO_EXTI_Callback  sx1276-board.o
    0x08001078   0x00000018   Code   RO         2910    i.HAL_GPIO_EXTI_IRQHandler  stm32f1xx_hal_gpio.o
    0x08001090   0x000001e0   Code   RO         2911    i.HAL_GPIO_Init     stm32f1xx_hal_gpio.o
    0x08001270   0x0000000a   Code   RO         2913    i.HAL_GPIO_ReadPin  stm32f1xx_hal_gpio.o
    0x0800127a   0x00000010   Code   RO         2914    i.HAL_GPIO_TogglePin  stm32f1xx_hal_gpio.o
    0x0800128a   0x0000000a   Code   RO         2915    i.HAL_GPIO_WritePin  stm32f1xx_hal_gpio.o
    0x08001294   0x0000000c   Code   RO         2607    i.HAL_GetTick       stm32f1xx_hal.o
    0x080012a0   0x00000010   Code   RO         2613    i.HAL_IncTick       stm32f1xx_hal.o
    0x080012b0   0x00000024   Code   RO         2614    i.HAL_Init          stm32f1xx_hal.o
    0x080012d4   0x00000040   Code   RO         2615    i.HAL_InitTick      stm32f1xx_hal.o
    0x08001314   0x0000003c   Code   RO         2260    i.HAL_MspInit       stm32f1xx_hal_msp.o
    0x08001350   0x0000001a   Code   RO         3071    i.HAL_NVIC_EnableIRQ  stm32f1xx_hal_cortex.o
    0x0800136a   0x00000002   PAD
    0x0800136c   0x00000040   Code   RO         3077    i.HAL_NVIC_SetPriority  stm32f1xx_hal_cortex.o
    0x080013ac   0x00000024   Code   RO         3078    i.HAL_NVIC_SetPriorityGrouping  stm32f1xx_hal_cortex.o
    0x080013d0   0x000000c8   Code   RO         2873    i.HAL_RCCEx_GetPeriphCLKFreq  stm32f1xx_hal_rcc_ex.o
    0x08001498   0x000000ec   Code   RO         2874    i.HAL_RCCEx_PeriphCLKConfig  stm32f1xx_hal_rcc_ex.o
    0x08001584   0x0000012c   Code   RO         2771    i.HAL_RCC_ClockConfig  stm32f1xx_hal_rcc.o
    0x080016b0   0x00000020   Code   RO         2778    i.HAL_RCC_GetPCLK1Freq  stm32f1xx_hal_rcc.o
    0x080016d0   0x00000020   Code   RO         2779    i.HAL_RCC_GetPCLK2Freq  stm32f1xx_hal_rcc.o
    0x080016f0   0x0000006c   Code   RO         2780    i.HAL_RCC_GetSysClockFreq  stm32f1xx_hal_rcc.o
    0x0800175c   0x00000320   Code   RO         2783    i.HAL_RCC_OscConfig  stm32f1xx_hal_rcc.o
    0x08001a7c   0x000000b2   Code   RO         3582    i.HAL_SPI_Init      stm32f1xx_hal_spi.o
    0x08001b2e   0x00000002   PAD
    0x08001b30   0x00000070   Code   RO         2041    i.HAL_SPI_MspInit   spi.o
    0x08001ba0   0x000001e2   Code   RO         3591    i.HAL_SPI_TransmitReceive  stm32f1xx_hal_spi.o
    0x08001d82   0x00000028   Code   RO         3082    i.HAL_SYSTICK_Config  stm32f1xx_hal_cortex.o
    0x08001daa   0x00000054   Code   RO         4602    i.HAL_TIMEx_ConfigBreakDeadTime  stm32f1xx_hal_tim_ex.o
    0x08001dfe   0x00000002   PAD
    0x08001e00   0x00000068   Code   RO         4618    i.HAL_TIMEx_MasterConfigSynchronization  stm32f1xx_hal_tim_ex.o
    0x08001e68   0x0000005a   Code   RO         3895    i.HAL_TIM_Base_Init  stm32f1xx_hal_tim.o
    0x08001ec2   0x00000002   PAD
    0x08001ec4   0x00000028   Code   RO         2083    i.HAL_TIM_Base_MspInit  tim.o
    0x08001eec   0x000000d6   Code   RO         3904    i.HAL_TIM_ConfigClockSource  stm32f1xx_hal_tim.o
    0x08001fc2   0x00000002   PAD
    0x08001fc4   0x0000004c   Code   RO         2084    i.HAL_TIM_MspPostInit  tim.o
    0x08002010   0x000000c6   Code   RO         3967    i.HAL_TIM_PWM_ConfigChannel  stm32f1xx_hal_tim.o
    0x080020d6   0x0000005a   Code   RO         3970    i.HAL_TIM_PWM_Init  stm32f1xx_hal_tim.o
    0x08002130   0x00000002   Code   RO         3972    i.HAL_TIM_PWM_MspInit  stm32f1xx_hal_tim.o
    0x08002132   0x00000002   PAD
    0x08002134   0x0000009c   Code   RO         3975    i.HAL_TIM_PWM_Start  stm32f1xx_hal_tim.o
    0x080021d0   0x00000002   Code   RO         4887    i.HAL_UART_ErrorCallback  stm32f1xx_hal_uart.o
    0x080021d2   0x00000002   PAD
    0x080021d4   0x0000015c   Code   RO         4890    i.HAL_UART_IRQHandler  stm32f1xx_hal_uart.o
    0x08002330   0x00000062   Code   RO         4891    i.HAL_UART_Init     stm32f1xx_hal_uart.o
    0x08002392   0x00000002   PAD
    0x08002394   0x00000080   Code   RO         2131    i.HAL_UART_MspInit  usart.o
    0x08002414   0x00000052   Code   RO         4896    i.HAL_UART_Receive_IT  stm32f1xx_hal_uart.o
    0x08002466   0x00000002   PAD
    0x08002468   0x00000048   Code   RO         1060    i.HAL_UART_RxCpltCallback  base_usart.o
    0x080024b0   0x000000b2   Code   RO         4899    i.HAL_UART_Transmit  stm32f1xx_hal_uart.o
    0x08002562   0x00000002   Code   RO         4902    i.HAL_UART_TxCpltCallback  stm32f1xx_hal_uart.o
    0x08002564   0x00000028   Code   RO          682    i.HalSpiTransmit    sx1276_hal.o
    0x0800258c   0x00000018   Code   RO          683    i.HalSpiWriteNss    sx1276_hal.o
    0x080025a4   0x00000018   Code   RO          684    i.HalWriteReset     sx1276_hal.o
    0x080025bc   0x00000018   Code   RO          685    i.HalWriteRxTx      sx1276_hal.o
    0x080025d4   0x00000002   Code   RO         2175    i.HardFault_Handler  stm32f1xx_it.o
    0x080025d6   0x00000002   PAD
    0x080025d8   0x00000064   Code   RO         2000    i.MX_ADC1_Init      adc.o
    0x0800263c   0x00000100   Code   RO         1974    i.MX_GPIO_Init      gpio.o
    0x0800273c   0x00000044   Code   RO         2042    i.MX_SPI1_Init      spi.o
    0x08002780   0x000000cc   Code   RO         2085    i.MX_TIM1_Init      tim.o
    0x0800284c   0x00000038   Code   RO         2132    i.MX_USART1_UART_Init  usart.o
    0x08002884   0x00000002   Code   RO         2176    i.MemManage_Handler  stm32f1xx_it.o
    0x08002886   0x00000002   Code   RO         2177    i.NMI_Handler       stm32f1xx_it.o
    0x08002888   0x00000002   Code   RO         2178    i.PendSV_Handler    stm32f1xx_it.o
    0x0800288a   0x00000002   PAD
    0x0800288c   0x00000094   Code   RO          372    i.RxChainCalibration  sx1276.o
    0x08002920   0x00000020   Code   RO         3620    i.SPI_EndRxTxTransaction  stm32f1xx_hal_spi.o
    0x08002940   0x000000b8   Code   RO         3625    i.SPI_WaitFlagStateUntilTimeout  stm32f1xx_hal_spi.o
    0x080029f8   0x00000002   Code   RO         2179    i.SVC_Handler       stm32f1xx_it.o
    0x080029fa   0x00000002   PAD
    0x080029fc   0x00000294   Code   RO          381    i.SX1276OnDio0Event  sx1276.o
    0x08002c90   0x0000000c   Code   RO          382    i.SX1276OnDio0Irq   sx1276.o
    0x08002c9c   0x000000d8   Code   RO          383    i.SX1276OnDio1Event  sx1276.o
    0x08002d74   0x0000000c   Code   RO          384    i.SX1276OnDio1Irq   sx1276.o
    0x08002d80   0x000000c4   Code   RO          385    i.SX1276OnDio2Event  sx1276.o
    0x08002e44   0x0000000c   Code   RO          386    i.SX1276OnDio2Irq   sx1276.o
    0x08002e50   0x0000000c   Code   RO          388    i.SX1276OnDio3Irq   sx1276.o
    0x08002e5c   0x0000001c   Code   RO          389    i.SX1276OnDio4Irq   sx1276.o
    0x08002e78   0x000000dc   Code   RO          390    i.SX1276OnTimeoutEvent  sx1276.o
    0x08002f54   0x00000010   Code   RO          393    i.SX1276Read        sx1276.o
    0x08002f64   0x00000034   Code   RO          394    i.SX1276ReadBuffer  sx1276.o
    0x08002f98   0x0000000a   Code   RO          395    i.SX1276ReadFifo    sx1276.o
    0x08002fa2   0x00000002   PAD
    0x08002fa4   0x00000010   Code   RO          906    i.SX1276SetAntSw    sx1276-board.o
    0x08002fb4   0x00000020   Code   RO          907    i.SX1276SetAntSwLowPower  sx1276-board.o
    0x08002fd4   0x00000040   Code   RO          399    i.SX1276SetChannel  sx1276.o
    0x08003014   0x00000074   Code   RO          401    i.SX1276SetModem    sx1276.o
    0x08003088   0x00000030   Code   RO          402    i.SX1276SetOpMode   sx1276.o
    0x080030b8   0x00000028   Code   RO          403    i.SX1276SetPublicNetwork  sx1276.o
    0x080030e0   0x0000001e   Code   RO          908    i.SX1276SetReset    sx1276-board.o
    0x080030fe   0x00000002   PAD
    0x08003100   0x00000028   Code   RO          406    i.SX1276SetSleep    sx1276.o
    0x08003128   0x00000040   Code   RO          412    i.SX1276Task        sx1276.o
    0x08003168   0x0000000c   Code   RO          413    i.SX1276Write       sx1276.o
    0x08003174   0x00000032   Code   RO          414    i.SX1276WriteBuffer  sx1276.o
    0x080031a6   0x0000000a   Code   RO          415    i.SX1276WriteFifo   sx1276.o
    0x080031b0   0x00000004   Code   RO          910    i.SpiSetNss         sx1276-board.o
    0x080031b4   0x00000004   Code   RO          911    i.SpiTransfer       sx1276-board.o
    0x080031b8   0x00000004   Code   RO         2180    i.SysTick_Handler   stm32f1xx_it.o
    0x080031bc   0x00000062   Code   RO         1933    i.SystemClock_Config  main.o
    0x0800321e   0x00000002   Code   RO         5188    i.SystemInit        system_stm32f1xx.o
    0x08003220   0x0000006c   Code   RO         3988    i.TIM_Base_SetConfig  stm32f1xx_hal_tim.o
    0x0800328c   0x0000001a   Code   RO         3989    i.TIM_CCxChannelCmd  stm32f1xx_hal_tim.o
    0x080032a6   0x00000014   Code   RO         3999    i.TIM_ETR_SetConfig  stm32f1xx_hal_tim.o
    0x080032ba   0x00000010   Code   RO         4000    i.TIM_ITRx_SetConfig  stm32f1xx_hal_tim.o
    0x080032ca   0x00000002   PAD
    0x080032cc   0x00000050   Code   RO         4001    i.TIM_OC1_SetConfig  stm32f1xx_hal_tim.o
    0x0800331c   0x00000058   Code   RO         4002    i.TIM_OC2_SetConfig  stm32f1xx_hal_tim.o
    0x08003374   0x00000058   Code   RO         4003    i.TIM_OC3_SetConfig  stm32f1xx_hal_tim.o
    0x080033cc   0x00000044   Code   RO         4004    i.TIM_OC4_SetConfig  stm32f1xx_hal_tim.o
    0x08003410   0x00000022   Code   RO         4006    i.TIM_TI1_ConfigInputStage  stm32f1xx_hal_tim.o
    0x08003432   0x00000024   Code   RO         4008    i.TIM_TI2_ConfigInputStage  stm32f1xx_hal_tim.o
    0x08003456   0x00000002   PAD
    0x08003458   0x0000001c   Code   RO          746    i.TimerChangePeriod  sx1276_timer.o
    0x08003474   0x00000020   Code   RO          747    i.TimerListTimerReset  sx1276_timer.o
    0x08003494   0x0000003c   Code   RO          748    i.TimerLoop         sx1276_timer.o
    0x080034d0   0x00000070   Code   RO          749    i.TimerRegister     sx1276_timer.o
    0x08003540   0x00000004   Code   RO          750    i.TimerReset        sx1276_timer.o
    0x08003544   0x00000028   Code   RO          751    i.TimerStart        sx1276_timer.o
    0x0800356c   0x00000020   Code   RO          752    i.TimerStop         sx1276_timer.o
    0x0800358c   0x00000010   Code   RO         4904    i.UART_DMAAbortOnError  stm32f1xx_hal_uart.o
    0x0800359c   0x0000001c   Code   RO         4914    i.UART_EndRxTransfer  stm32f1xx_hal_uart.o
    0x080035b8   0x0000008c   Code   RO         4916    i.UART_Receive_IT   stm32f1xx_hal_uart.o
    0x08003644   0x000000b8   Code   RO         4917    i.UART_SetConfig    stm32f1xx_hal_uart.o
    0x080036fc   0x00000064   Code   RO         4918    i.UART_WaitOnFlagUntilTimeout  stm32f1xx_hal_uart.o
    0x08003760   0x0000000c   Code   RO         2181    i.USART1_IRQHandler  stm32f1xx_it.o
    0x0800376c   0x0000000c   Code   RO         1062    i.USER_Get_Usart_Receive_Flag  base_usart.o
    0x08003778   0x00000014   Code   RO         1064    i.USER_UART_Receive_Timeout  base_usart.o
    0x0800378c   0x00000002   Code   RO         2182    i.UsageFault_Handler  stm32f1xx_it.o
    0x0800378e   0x00000002   PAD
    0x08003790   0x00000028   Code   RO         5741    i.__0sprintf        mc_w.l(printfa.o)
    0x080037b8   0x00000020   Code   RO         3084    i.__NVIC_SetPriority  stm32f1xx_hal_cortex.o
    0x080037d8   0x0000005c   Code   RO         5771    i.__free$realloc    mc_w.l(mallocr.o)
    0x08003834   0x00000050   Code   RO         5772    i.__malloc$realloc  mc_w.l(mallocr.o)
    0x08003884   0x0000000e   Code   RO         5878    i.__scatterload_copy  mc_w.l(handlers.o)
    0x08003892   0x00000002   Code   RO         5879    i.__scatterload_null  mc_w.l(handlers.o)
    0x08003894   0x0000000e   Code   RO         5880    i.__scatterload_zeroinit  mc_w.l(handlers.o)
    0x080038a2   0x00000002   PAD
    0x080038a4   0x00000164   Code   RO         5746    i._fp_digits        mc_w.l(printfa.o)
    0x08003a08   0x000006dc   Code   RO         5747    i._printf_core      mc_w.l(printfa.o)
    0x080040e4   0x00000024   Code   RO         5748    i._printf_post_padding  mc_w.l(printfa.o)
    0x08004108   0x0000002e   Code   RO         5749    i._printf_pre_padding  mc_w.l(printfa.o)
    0x08004136   0x0000000a   Code   RO         5751    i._sputc            mc_w.l(printfa.o)
    0x08004140   0x00000002   Code   RO           14    i._task_scan_key_cb  stask.o
    0x08004142   0x00000004   Code   RO           15    i._task_scan_radio_cb  stask.o
    0x08004146   0x00000004   Code   RO           16    i._task_scan_usart_cb  stask.o
    0x0800414a   0x00000004   Code   RO           17    i._task_scan_value_cb  stask.o
    0x0800414e   0x00000006   Code   RO           18    i._task_soft_timer_cb  stask.o
    0x08004154   0x00000002   Code   RO          279    i._timer_beep_cb    stimer.o
    0x08004156   0x00000002   Code   RO          280    i._timer_key_cb     stimer.o
    0x08004158   0x00000002   Code   RO          281    i._timer_led_blue_cb  stimer.o
    0x0800415a   0x00000002   PAD
    0x0800415c   0x00000010   Code   RO          282    i._timer_led_green_cb  stimer.o
    0x0800416c   0x00000002   Code   RO          283    i._timer_led_red_cb  stimer.o
    0x0800416e   0x00000002   Code   RO          284    i._timer_light_cb   stimer.o
    0x08004170   0x00000002   Code   RO          285    i._timer_offlight_cb  stimer.o
    0x08004172   0x00000004   Code   RO          286    i._timer_usart_cb   stimer.o
    0x08004176   0x00000004   Code   RO          687    i.delay             sx1276_hal.o
    0x0800417a   0x00000002   PAD
    0x0800417c   0x00000050   Code   RO         5773    i.internal_alloc    mc_w.l(mallocr.o)
    0x080041cc   0x00000040   Code   RO         1935    i.main              main.o
    0x0800420c   0x00000030   Code   RO           19    i.spTaskScheduler   stask.o
    0x0800423c   0x0000004c   Code   RO          289    i.spTimerTaskScheduler  stimer.o
    0x08004288   0x000000e0   Data   RO          418    .constdata          sx1276.o
    0x08004368   0x00000018   Data   RO          753    .constdata          sx1276_timer.o
    0x08004380   0x00000010   Data   RO         5189    .constdata          system_stm32f1xx.o
    0x08004390   0x00000008   Data   RO         5190    .constdata          system_stm32f1xx.o
    0x08004398   0x00000020   Data   RO         5876    Region$$Table       anon$$obj.o


    Execution Region RW_IRAM1 (Base: 0x20000000, Size: 0x00000b00, Max: 0x00005000, ABSOLUTE, COMPRESSED[0x00000098])

    Base Addr    Size         Type   Attr      Idx    E Section Name        Object

    0x20000000   0x0000003c   Data   RW           23    .data               stask.o
    0x2000003c   0x000000c4   Data   RW          291    .data               stimer.o
    0x20000100   0x00000024   Data   RW          419    .data               sx1276.o
    0x20000124   0x00000008   Data   RW          754    .data               sx1276_timer.o
    0x2000012c   0x0000001f   Data   RW          814    .data               sx1276_user.o
    0x2000014b   0x00000001   PAD
    0x2000014c   0x00000008   Data   RW          913    .data               sx1276-board.o
    0x20000154   0x0000000c   Data   RW         2621    .data               stm32f1xx_hal.o
    0x20000160   0x00000004   Data   RW         5191    .data               system_stm32f1xx.o
    0x20000164   0x00000004   Data   RW         5848    .data               mc_w.l(mvars.o)
    0x20000168   0x00000004   Data   RW         5849    .data               mc_w.l(mvars.o)
    0x2000016c   0x00000178   Zero   RW          417    .bss                sx1276.o
    0x200002e4   0x00000108   Zero   RW         1065    .bss                base_usart.o
    0x200003ec   0x00000030   Zero   RW         2001    .bss                adc.o
    0x2000041c   0x00000058   Zero   RW         2043    .bss                spi.o
    0x20000474   0x00000048   Zero   RW         2086    .bss                tim.o
    0x200004bc   0x00000040   Zero   RW         2133    .bss                usart.o
    0x200004fc   0x00000004   PAD
    0x20000500   0x00000200   Zero   RW            2    HEAP                startup_stm32f103xb.o
    0x20000700   0x00000400   Zero   RW            1    STACK               startup_stm32f103xb.o


==============================================================================

Image component sizes


      Code (inc. data)   RO Data    RW Data    ZI Data      Debug   Object Name

       188         20          0          0         48       1629   adc.o
       140         28          0          0        264       3134   base_usart.o
        16          4          0          0          0        444   fan.o
       400         30          0          0          0       2376   getdata.o
       256         20          0          0          0        987   gpio.o
       164         10          0          0          0       2128   main.o
       180         22          0          0         88       1621   spi.o
        36          8        236          0       1536        796   startup_stm32f103xb.o
        68          4          0         60          0     459677   stask.o
       108         10          0        196          0       5270   stimer.o
       164         28          0         12          0       5845   stm32f1xx_hal.o
      1282         54          0          0          0       7686   stm32f1xx_hal_adc.o
       200          6          0          0          0       1406   stm32f1xx_hal_adc_ex.o
       198         14          0          0          0      28919   stm32f1xx_hal_cortex.o
       152          4          0          0          0       1087   stm32f1xx_hal_dma.o
       540         40          0          0          0       4679   stm32f1xx_hal_gpio.o
        60          8          0          0          0        858   stm32f1xx_hal_msp.o
      1272        100          0          0          0       5152   stm32f1xx_hal_rcc.o
       436         46          0          0          0       2513   stm32f1xx_hal_rcc_ex.o
       876          4          0          0          0       4665   stm32f1xx_hal_spi.o
      1314         46          0          0          0      12024   stm32f1xx_hal_tim.o
       188         12          0          0          0       2092   stm32f1xx_hal_tim_ex.o
      1178         10          0          0          0       8887   stm32f1xx_hal_uart.o
        38          6          0          0          0       4661   stm32f1xx_it.o
       106         10          0          8          0       8717   sx1276-board.o
      2038        128        224         36        376      14448   sx1276.o
       116         24          0          0          0       2449   sx1276_hal.o
       308         36         24          8          0       6122   sx1276_timer.o
         0          0          0         31          0       3106   sx1276_user.o
         2          0         24          4          0       1095   system_stm32f1xx.o
       320         32          0          0         72       2320   tim.o
       184         20          0          0         64       1650   usart.o

    ----------------------------------------------------------------------
     12568        784        540        356       2452     608443   Object Totals
         0          0         32          0          0          0   (incl. Generated)
        40          0          0          1          4          0   (incl. Padding)

    ----------------------------------------------------------------------

      Code (inc. data)   RO Data    RW Data    ZI Data      Debug   Library Member Name

        86          0          0          0          0          0   __dczerorl2.o
         0          0          0          0          0          0   entry.o
         0          0          0          0          0          0   entry10a.o
         0          0          0          0          0          0   entry11a.o
         8          4          0          0          0          0   entry2.o
         4          0          0          0          0          0   entry5.o
         0          0          0          0          0          0   entry7b.o
         0          0          0          0          0          0   entry8b.o
         8          4          0          0          0          0   entry9a.o
        30          0          0          0          0          0   handlers.o
        36          8          0          0          0         68   init.o
         0          0          0          0          0          0   iusefp.o
        30          0          0          0          0         68   llshl.o
        36          0          0          0          0         68   llsshr.o
        32          0          0          0          0         68   llushr.o
       252         24          0          0          0        252   mallocr.o
        36          0          0          0          0         68   memcpya.o
        36          0          0          0          0        108   memseta.o
         0          0          0          8          0          0   mvars.o
      2244         86          0          0          0        512   printfa.o
        24          0          0          0          0         68   strcat.o
        14          0          0          0          0         68   strlen.o
        44          0          0          0          0         80   uidiv.o
        98          0          0          0          0         92   uldiv.o
        48          0          0          0          0         68   cdrcmple.o
       334          0          0          0          0        148   dadd.o
       222          0          0          0          0        100   ddiv.o
       186          0          0          0          0        176   depilogue.o
        62          0          0          0          0         80   dfixi.o
        50          0          0          0          0         76   dfixui.o
        48          0          0          0          0         68   dfixul.o
        26          0          0          0          0         76   dfltui.o
       228          0          0          0          0         96   dmul.o

    ----------------------------------------------------------------------
      4228        126          0          8          0       2408   Library Totals
         6          0          0          0          0          0   (incl. Padding)

    ----------------------------------------------------------------------

      Code (inc. data)   RO Data    RW Data    ZI Data      Debug   Library Name

      3018        126          0          8          0       1520   mc_w.l
      1204          0          0          0          0        888   mf_w.l

    ----------------------------------------------------------------------
      4228        126          0          8          0       2408   Library Totals

    ----------------------------------------------------------------------

==============================================================================


      Code (inc. data)   RO Data    RW Data    ZI Data      Debug   

     16796        910        540        364       2452     601983   Grand Totals
     16796        910        540        152       2452     601983   ELF Image Totals (compressed)
     16796        910        540        152          0          0   ROM Totals

==============================================================================

    Total RO  Size (Code + RO Data)                17336 (  16.93kB)
    Total RW  Size (RW Data + ZI Data)              2816 (   2.75kB)
    Total ROM Size (Code + RO Data + RW Data)      17488 (  17.08kB)

==============================================================================

